../Core/Src/pcf8574_lcd.c:9:13:LCD_I2C_Write	24	static
../Core/Src/pcf8574_lcd.c:14:13:LCD_EnablePulse	16	static
../Core/Src/pcf8574_lcd.c:22:13:LCD_Write4Bits	24	static
../Core/Src/pcf8574_lcd.c:29:6:LCD_SendCmd	16	static
../Core/Src/pcf8574_lcd.c:35:6:LCD_SendData	24	static
../Core/Src/pcf8574_lcd.c:46:6:LCD_Init	16	static
../Core/Src/pcf8574_lcd.c:68:6:LCD_Clear	8	static
../Core/Src/pcf8574_lcd.c:74:6:LCD_SetCursor	16	static
../Core/Src/pcf8574_lcd.c:80:6:LCD_Print	16	static
../Core/Src/pcf8574_lcd.c:86:6:LCD_PrintChar	16	static
../Core/Src/pcf8574_lcd.c:91:6:LCD_Backlight	16	static
