Archive member included to satisfy reference by file (symbol)

C:/ST/STM32CubeIDE_1.19.0/STM32CubeIDE/plugins/com.st.stm32cube.ide.mcu.externaltools.gnu-tools-for-stm32.13.3.rel1.win32_1.0.0.202411081344/tools/bin/../lib/gcc/arm-none-eabi/13.3.1/../../../../arm-none-eabi/lib/thumb/v7e-m+fp/hard\libc_nano.a(libc_a-exit.o)
                              C:/ST/STM32CubeIDE_1.19.0/STM32CubeIDE/plugins/com.st.stm32cube.ide.mcu.externaltools.gnu-tools-for-stm32.13.3.rel1.win32_1.0.0.202411081344/tools/bin/../lib/gcc/arm-none-eabi/13.3.1/../../../../arm-none-eabi/lib/thumb/v7e-m+fp/hard/crt0.o (exit)
C:/ST/STM32CubeIDE_1.19.0/STM32CubeIDE/plugins/com.st.stm32cube.ide.mcu.externaltools.gnu-tools-for-stm32.13.3.rel1.win32_1.0.0.202411081344/tools/bin/../lib/gcc/arm-none-eabi/13.3.1/../../../../arm-none-eabi/lib/thumb/v7e-m+fp/hard\libc_nano.a(libc_a-findfp.o)
                              C:/ST/STM32CubeIDE_1.19.0/STM32CubeIDE/plugins/com.st.stm32cube.ide.mcu.externaltools.gnu-tools-for-stm32.13.3.rel1.win32_1.0.0.202411081344/tools/bin/../lib/gcc/arm-none-eabi/13.3.1/../../../../arm-none-eabi/lib/thumb/v7e-m+fp/hard\libc_nano.a(libc_a-exit.o) (__stdio_exit_handler)
C:/ST/STM32CubeIDE_1.19.0/STM32CubeIDE/plugins/com.st.stm32cube.ide.mcu.externaltools.gnu-tools-for-stm32.13.3.rel1.win32_1.0.0.202411081344/tools/bin/../lib/gcc/arm-none-eabi/13.3.1/../../../../arm-none-eabi/lib/thumb/v7e-m+fp/hard\libc_nano.a(libc_a-fwalk.o)
                              C:/ST/STM32CubeIDE_1.19.0/STM32CubeIDE/plugins/com.st.stm32cube.ide.mcu.externaltools.gnu-tools-for-stm32.13.3.rel1.win32_1.0.0.202411081344/tools/bin/../lib/gcc/arm-none-eabi/13.3.1/../../../../arm-none-eabi/lib/thumb/v7e-m+fp/hard\libc_nano.a(libc_a-findfp.o) (_fwalk_sglue)
C:/ST/STM32CubeIDE_1.19.0/STM32CubeIDE/plugins/com.st.stm32cube.ide.mcu.externaltools.gnu-tools-for-stm32.13.3.rel1.win32_1.0.0.202411081344/tools/bin/../lib/gcc/arm-none-eabi/13.3.1/../../../../arm-none-eabi/lib/thumb/v7e-m+fp/hard\libc_nano.a(libc_a-printf.o)
                              ./Core/Src/main.o (printf)
C:/ST/STM32CubeIDE_1.19.0/STM32CubeIDE/plugins/com.st.stm32cube.ide.mcu.externaltools.gnu-tools-for-stm32.13.3.rel1.win32_1.0.0.202411081344/tools/bin/../lib/gcc/arm-none-eabi/13.3.1/../../../../arm-none-eabi/lib/thumb/v7e-m+fp/hard\libc_nano.a(libc_a-puts.o)
                              ./Core/Src/main.o (puts)
C:/ST/STM32CubeIDE_1.19.0/STM32CubeIDE/plugins/com.st.stm32cube.ide.mcu.externaltools.gnu-tools-for-stm32.13.3.rel1.win32_1.0.0.202411081344/tools/bin/../lib/gcc/arm-none-eabi/13.3.1/../../../../arm-none-eabi/lib/thumb/v7e-m+fp/hard\libc_nano.a(libc_a-stdio.o)
                              C:/ST/STM32CubeIDE_1.19.0/STM32CubeIDE/plugins/com.st.stm32cube.ide.mcu.externaltools.gnu-tools-for-stm32.13.3.rel1.win32_1.0.0.202411081344/tools/bin/../lib/gcc/arm-none-eabi/13.3.1/../../../../arm-none-eabi/lib/thumb/v7e-m+fp/hard\libc_nano.a(libc_a-findfp.o) (__sread)
C:/ST/STM32CubeIDE_1.19.0/STM32CubeIDE/plugins/com.st.stm32cube.ide.mcu.externaltools.gnu-tools-for-stm32.13.3.rel1.win32_1.0.0.202411081344/tools/bin/../lib/gcc/arm-none-eabi/13.3.1/../../../../arm-none-eabi/lib/thumb/v7e-m+fp/hard\libc_nano.a(libc_a-wbuf.o)
                              C:/ST/STM32CubeIDE_1.19.0/STM32CubeIDE/plugins/com.st.stm32cube.ide.mcu.externaltools.gnu-tools-for-stm32.13.3.rel1.win32_1.0.0.202411081344/tools/bin/../lib/gcc/arm-none-eabi/13.3.1/../../../../arm-none-eabi/lib/thumb/v7e-m+fp/hard\libc_nano.a(libc_a-puts.o) (__swbuf_r)
C:/ST/STM32CubeIDE_1.19.0/STM32CubeIDE/plugins/com.st.stm32cube.ide.mcu.externaltools.gnu-tools-for-stm32.13.3.rel1.win32_1.0.0.202411081344/tools/bin/../lib/gcc/arm-none-eabi/13.3.1/../../../../arm-none-eabi/lib/thumb/v7e-m+fp/hard\libc_nano.a(libc_a-wsetup.o)
                              C:/ST/STM32CubeIDE_1.19.0/STM32CubeIDE/plugins/com.st.stm32cube.ide.mcu.externaltools.gnu-tools-for-stm32.13.3.rel1.win32_1.0.0.202411081344/tools/bin/../lib/gcc/arm-none-eabi/13.3.1/../../../../arm-none-eabi/lib/thumb/v7e-m+fp/hard\libc_nano.a(libc_a-puts.o) (__swsetup_r)
C:/ST/STM32CubeIDE_1.19.0/STM32CubeIDE/plugins/com.st.stm32cube.ide.mcu.externaltools.gnu-tools-for-stm32.13.3.rel1.win32_1.0.0.202411081344/tools/bin/../lib/gcc/arm-none-eabi/13.3.1/../../../../arm-none-eabi/lib/thumb/v7e-m+fp/hard\libc_nano.a(libc_a-memset.o)
                              C:/ST/STM32CubeIDE_1.19.0/STM32CubeIDE/plugins/com.st.stm32cube.ide.mcu.externaltools.gnu-tools-for-stm32.13.3.rel1.win32_1.0.0.202411081344/tools/bin/../lib/gcc/arm-none-eabi/13.3.1/../../../../arm-none-eabi/lib/thumb/v7e-m+fp/hard/crt0.o (memset)
C:/ST/STM32CubeIDE_1.19.0/STM32CubeIDE/plugins/com.st.stm32cube.ide.mcu.externaltools.gnu-tools-for-stm32.13.3.rel1.win32_1.0.0.202411081344/tools/bin/../lib/gcc/arm-none-eabi/13.3.1/../../../../arm-none-eabi/lib/thumb/v7e-m+fp/hard\libc_nano.a(libc_a-closer.o)
[...]
Memory Configuration

Name             Origin             Length             Attributes
CCMRAM           0x10000000         0x00010000         xrw
RAM              0x20000000         0x00020000         xrw
FLASH            0x08000000         0x00100000         xr
*default*        0x00000000         0xffffffff

Linker script and memory map

LOAD C:/ST/STM32CubeIDE_1.19.0/STM32CubeIDE/plugins/com.st.stm32cube.ide.mcu.externaltools.gnu-tools-for-stm32.13.3.rel1.win32_1.0.0.202411081344/tools/bin/../lib/gcc/arm-none-eabi/13.3.1/thumb/v7e-m+fp/hard/crti.o
LOAD C:/ST/STM32CubeIDE_1.19.0/STM32CubeIDE/plugins/com.st.stm32cube.ide.mcu.externaltools.gnu-tools-for-stm32.13.3.rel1.win32_1.0.0.202411081344/tools/bin/../lib/gcc/arm-none-eabi/13.3.1/thumb/v7e-m+fp/hard/crtbegin.o
LOAD C:/ST/STM32CubeIDE_1.19.0/STM32CubeIDE/plugins/com.st.stm32cube.ide.mcu.externaltools.gnu-tools-for-stm32.13.3.rel1.win32_1.0.0.202411081344/tools/bin/../lib/gcc/arm-none-eabi/13.3.1/../../../../arm-none-eabi/lib/thumb/v7e-m+fp/hard/crt0.o
LOAD ./Core/Src/main.o
LOAD ./Core/Src/stm32f4xx_hal_msp.o
LOAD ./Core/Src/stm32f4xx_it.o
LOAD ./Core/Src/syscalls.o
LOAD ./Core/Src/sysmem.o
LOAD ./Core/Src/system_stm32f4xx.o
LOAD ./Core/Startup/startup_stm32f407vgtx.o
LOAD ./Drivers/STM32F4xx_HAL_Driver/Src/stm32f4xx_hal.o
LOAD ./Drivers/STM32F4xx_HAL_Driver/Src/stm32f4xx_hal_cortex.o
LOAD ./Drivers/STM32F4xx_HAL_Driver/Src/stm32f4xx_hal_dma.o
LOAD ./Drivers/STM32F4xx_HAL_Driver/Src/stm32f4xx_hal_dma_ex.o
LOAD ./Drivers/STM32F4xx_HAL_Driver/Src/stm32f4xx_hal_exti.o
LOAD ./Drivers/STM32F4xx_HAL_Driver/Src/stm32f4xx_hal_flash.o
LOAD ./Drivers/STM32F4xx_HAL_Driver/Src/stm32f4xx_hal_flash_ex.o
LOAD ./Drivers/STM32F4xx_HAL_Driver/Src/stm32f4xx_hal_flash_ramfunc.o
LOAD ./Drivers/STM32F4xx_HAL_Driver/Src/stm32f4xx_hal_gpio.o
LOAD ./Drivers/STM32F4xx_HAL_Driver/Src/stm32f4xx_hal_pwr.o
LOAD ./Drivers/STM32F4xx_HAL_Driver/Src/stm32f4xx_hal_pwr_ex.o
LOAD ./Drivers/STM32F4xx_HAL_Driver/Src/stm32f4xx_hal_rcc.o
LOAD ./Drivers/STM32F4xx_HAL_Driver/Src/stm32f4xx_hal_rcc_ex.o
LOAD ./Drivers/STM32F4xx_HAL_Driver/Src/stm32f4xx_hal_spi.o
LOAD ./FATFS/App/fatfs.o
LOAD ./FATFS/Target/SD_user_driver.o
LOAD ./FATFS/Target/user_diskio.o
LOAD ./Middlewares/Third_Party/FatFs/src/diskio.o
LOAD ./Middlewares/Third_Party/FatFs/src/ff.o
LOAD ./Middlewares/Third_Party/FatFs/src/ff_gen_drv.o
LOAD ./Middlewares/Third_Party/FatFs/src/option/syscall.o
START GROUP
LOAD C:/ST/STM32CubeIDE_1.19.0/STM32CubeIDE/plugins/com.st.stm32cube.ide.mcu.externaltools.gnu-tools-for-stm32.13.3.rel1.win32_1.0.0.202411081344/tools/bin/../lib/gcc/arm-none-eabi/13.3.1/../../../../arm-none-eabi/lib/thumb/v7e-m+fp/hard\libc_nano.a
LOAD C:/ST/STM32CubeIDE_1.19.0/STM32CubeIDE/plugins/com.st.stm32cube.ide.mcu.externaltools.gnu-tools-for-stm32.13.3.rel1.win32_1.0.0.202411081344/tools/bin/../lib/gcc/arm-none-eabi/13.3.1/../../../../arm-none-eabi/lib/thumb/v7e-m+fp/hard\libm.a
END GROUP
START GROUP
LOAD C:/ST/STM32CubeIDE_1.19.0/STM32CubeIDE/plugins/com.st.stm32cube.ide.mcu.externaltools.gnu-tools-for-stm32.13.3.rel1.win32_1.0.0.202411081344/tools/bin/../lib/gcc/arm-none-eabi/13.3.1/thumb/v7e-m+fp/hard\libgcc.a
LOAD C:/ST/STM32CubeIDE_1.19.0/STM32CubeIDE/plugins/com.st.stm32cube.ide.mcu.externaltools.gnu-tools-for-stm32.13.3.rel1.win32_1.0.0.202411081344/tools/bin/../lib/gcc/arm-none-eabi/13.3.1/../../../../arm-none-eabi/lib/thumb/v7e-m+fp/hard\libc_nano.a
END GROUP
START GROUP
LOAD C:/ST/STM32CubeIDE_1.19.0/STM32CubeIDE/plugins/com.st.stm32cube.ide.mcu.externaltools.gnu-tools-for-stm32.13.3.rel1.win32_1.0.0.202411081344/tools/bin/../lib/gcc/arm-none-eabi/13.3.1/thumb/v7e-m+fp/hard\libgcc.a
LOAD C:/ST/STM32CubeIDE_1.19.0/STM32CubeIDE/plugins/com.st.stm32cube.ide.mcu.externaltools.gnu-tools-for-stm32.13.3.rel1.win32_1.0.0.202411081344/tools/bin/../lib/gcc/arm-none-eabi/13.3.1/../../../../arm-none-eabi/lib/thumb/v7e-m+fp/hard\libc_nano.a
LOAD C:/ST/STM32CubeIDE_1.19.0/STM32CubeIDE/plugins/com.st.stm32cube.ide.mcu.externaltools.gnu-tools-for-stm32.13.3.rel1.win32_1.0.0.202411081344/tools/bin/../lib/gcc/arm-none-eabi/13.3.1/../../../../arm-none-eabi/lib/thumb/v7e-m+fp/hard\libnosys.a
END GROUP
START GROUP
LOAD C:/ST/STM32CubeIDE_1.19.0/STM32CubeIDE/plugins/com.st.stm32cube.ide.mcu.externaltools.gnu-tools-for-stm32.13.3.rel1.win32_1.0.0.202411081344/tools/bin/../lib/gcc/arm-none-eabi/13.3.1/thumb/v7e-m+fp/hard\libgcc.a
LOAD C:/ST/STM32CubeIDE_1.19.0/STM32CubeIDE/plugins/com.st.stm32cube.ide.mcu.externaltools.gnu-tools-for-stm32.13.3.rel1.win32_1.0.0.202411081344/tools/bin/../lib/gcc/arm-none-eabi/13.3.1/../../../../arm-none-eabi/lib/thumb/v7e-m+fp/hard\libc_nano.a
LOAD C:/ST/STM32CubeIDE_1.19.0/STM32CubeIDE/plugins/com.st.stm32cube.ide.mcu.externaltools.gnu-tools-for-stm32.13.3.rel1.win32_1.0.0.202411081344/tools/bin/../lib/gcc/arm-none-eabi/13.3.1/../../../../arm-none-eabi/lib/thumb/v7e-m+fp/hard\libnosys.a
END GROUP
LOAD C:/ST/STM32CubeIDE_1.19.0/STM32CubeIDE/plugins/com.st.stm32cube.ide.mcu.externaltools.gnu-tools-for-stm32.13.3.rel1.win32_1.0.0.202411081344/tools/bin/../lib/gcc/arm-none-eabi/13.3.1/thumb/v7e-m+fp/hard/crtend.o
LOAD C:/ST/STM32CubeIDE_1.19.0/STM32CubeIDE/plugins/com.st.stm32cube.ide.mcu.externaltools.gnu-tools-for-stm32.13.3.rel1.win32_1.0.0.202411081344/tools/bin/../lib/gcc/arm-none-eabi/13.3.1/thumb/v7e-m+fp/hard/crtn.o
                0x20020000                        _estack = (ORIGIN (RAM) + LENGTH (RAM))
                0x00000200                        _Min_Heap_Size = 0x200
                0x00000400                        _Min_Stack_Size = 0x400

.isr_vector     0x08000000      0x188
                0x08000000                        . = ALIGN (0x4)
 *(.isr_vector)
 .isr_vector    0x08000000      0x188 ./Core/Startup/startup_stm32f407vgtx.o
                0x08000000                g_pfnVectors
                0x08000188                        . = ALIGN (0x4)

.text           0x08000190     0x6294
                0x08000190                        . = ALIGN (0x4)
 *(.text)
 .text          0x08000190       0x40 C:/ST/STM32CubeIDE_1.19.0/STM32CubeIDE/plugins/com.st.stm32cube.ide.mcu.externaltools.gnu-tools-for-stm32.13.3.rel1.win32_1.0.0.202411081344/tools/bin/../lib/gcc/arm-none-eabi/13.3.1/thumb/v7e-m+fp/hard/crtbegin.o
 .text          0x080001d0       0x10 C:/ST/STM32CubeIDE_1.19.0/STM32CubeIDE/plugins/com.st.stm32cube.ide.mcu.externaltools.gnu-tools-for-stm32.13.3.rel1.win32_1.0.0.202411081344/tools/bin/../lib/gcc/arm-none-eabi/13.3.1/../../../../arm-none-eabi/lib/thumb/v7e-m+fp/hard\libc_nano.a(libc_a-strlen.o)
                0x080001d0                strlen
 .text          0x080001e0       0xa0 C:/ST/STM32CubeIDE_1.19.0/STM32CubeIDE/plugins/com.st.stm32cube.ide.mcu.externaltools.gnu-tools-for-stm32.13.3.rel1.win32_1.0.0.202411081344/tools/bin/../lib/gcc/arm-none-eabi/13.3.1/../../../../arm-none-eabi/lib/thumb/v7e-m+fp/hard\libc_nano.a(libc_a-memchr.o)
                0x080001e0                memchr
 .text          0x08000280       0x30 C:/ST/STM32CubeIDE_1.19.0/STM32CubeIDE/plugins/com.st.stm32cube.ide.mcu.externaltools.gnu-tools-for-stm32.13.3.rel1.win32_1.0.0.202411081344/tools/bin/../lib/gcc/arm-none-eabi/13.3.1/thumb/v7e-m+fp/hard\libgcc.a(_aeabi_uldivmod.o)
                0x08000280                __aeabi_uldivmod
 .text          0x080002b0      0x2f8 C:/ST/STM32CubeIDE_1.19.0/STM32CubeIDE/plugins/com.st.stm32cube.ide.mcu.externaltools.gnu-tools-for-stm32.13.3.rel1.win32_1.0.0.202411081344/tools/bin/../lib/gcc/arm-none-eabi/13.3.1/thumb/v7e-m+fp/hard\libgcc.a(_udivmoddi4.o)
                0x080002b0                __udivmoddi4
 .text          0x080005a8        0x4 C:/ST/STM32CubeIDE_1.19.0/STM32CubeIDE/plugins/com.st.stm32cube.ide.mcu.externaltools.gnu-tools-for-stm32.13.3.rel1.win32_1.0.0.202411081344/tools/bin/../lib/gcc/arm-none-eabi/13.3.1/thumb/v7e-m+fp/hard\libgcc.a(_dvmd_tls.o)
                0x080005a8                __aeabi_idiv0
                0x080005a8                __aeabi_ldiv0
 *(.text*)
 .text.ITM_SendChar
                0x080005ac       0x4e ./Core/Src/main.o
 .text.__io_putchar
                0x080005fa       0x1a ./Core/Src/main.o
                0x080005fa                __io_putchar
 .text.main     0x08000614      0x1c0 ./Core/Src/main.o
                0x08000614                main
 .text.SystemClock_Config
                0x080007d4       0xd4 ./Core/Src/main.o
                0x080007d4                SystemClock_Config
 .text.MX_SPI2_Init
                0x080008a8       0x6c ./Core/Src/main.o
 .text.MX_GPIO_Init
                0x08000914       0xc0 ./Core/Src/main.o
 .text.Error_Handler
                0x080009d4        0xc ./Core/Src/main.o
                0x080009d4                Error_Handler
 .text.HAL_MspInit
                0x080009e0       0x50 ./Core/Src/stm32f4xx_hal_msp.o
                0x080009e0                HAL_MspInit
 .text.HAL_SPI_MspInit
                0x08000a30       0x90 ./Core/Src/stm32f4xx_hal_msp.o
                0x08000a30                HAL_SPI_MspInit
 .text.NMI_Handler
                0x08000ac0        0x8 ./Core/Src/stm32f4xx_it.o
                0x08000ac0                NMI_Handler
 .text.HardFault_Handler
                0x08000ac8        0x8 ./Core/Src/stm32f4xx_it.o
                0x08000ac8                HardFault_Handler
 .text.MemManage_Handler
                0x08000ad0        0x8 ./Core/Src/stm32f4xx_it.o
                0x08000ad0                MemManage_Handler
 .text.BusFault_Handler
                0x08000ad8        0x8 ./Core/Src/stm32f4xx_it.o
                0x08000ad8                BusFault_Handler
 .text.UsageFault_Handler
                0x08000ae0        0x8 ./Core/Src/stm32f4xx_it.o
                0x08000ae0                UsageFault_Handler
 .text.SVC_Handler
                0x08000ae8        0xe ./Core/Src/stm32f4xx_it.o
                0x08000ae8                SVC_Handler
 .text.DebugMon_Handler
                0x08000af6        0xe ./Core/Src/stm32f4xx_it.o
                0x08000af6                DebugMon_Handler
 .text.PendSV_Handler
                0x08000b04        0xe ./Core/Src/stm32f4xx_it.o
                0x08000b04                PendSV_Handler
 .text.SysTick_Handler
                0x08000b12        0xc ./Core/Src/stm32f4xx_it.o
                0x08000b12                SysTick_Handler
 .text._read    0x08000b1e       0x3a ./Core/Src/syscalls.o
                0x08000b1e                _read
 .text._write   0x08000b58       0x38 ./Core/Src/syscalls.o
                0x08000b58                _write
 .text._close   0x08000b90       0x18 ./Core/Src/syscalls.o
                0x08000b90                _close
 .text._fstat   0x08000ba8       0x20 ./Core/Src/syscalls.o
                0x08000ba8                _fstat
 .text._isatty  0x08000bc8       0x16 ./Core/Src/syscalls.o
                0x08000bc8                _isatty
 .text._lseek   0x08000bde       0x1a ./Core/Src/syscalls.o
                0x08000bde                _lseek
 .text._sbrk    0x08000bf8       0x6c ./Core/Src/sysmem.o
                0x08000bf8                _sbrk
 .text.SystemInit
                0x08000c64       0x24 ./Core/Src/system_stm32f4xx.o
                0x08000c64                SystemInit
 .text.Reset_Handler
                0x08000c88       0x50 ./Core/Startup/startup_stm32f407vgtx.o
                0x08000c88                Reset_Handler
 .text.Default_Handler
                0x08000cd8        0x2 ./Core/Startup/startup_stm32f407vgtx.o
                0x08000cd8                RTC_Alarm_IRQHandler
                0x08000cd8                HASH_RNG_IRQHandler
                0x08000cd8                EXTI2_IRQHandler
                0x08000cd8                TIM8_CC_IRQHandler
                0x08000cd8                TIM1_CC_IRQHandler
                0x08000cd8                DMA2_Stream5_IRQHandler
                0x08000cd8                DMA1_Stream5_IRQHandler
                0x08000cd8                PVD_IRQHandler
                0x08000cd8                SDIO_IRQHandler
                0x08000cd8                TAMP_STAMP_IRQHandler
                0x08000cd8                CAN2_RX1_IRQHandler
                0x08000cd8                EXTI3_IRQHandler
                0x08000cd8                TIM8_TRG_COM_TIM14_IRQHandler
                0x08000cd8                TIM1_UP_TIM10_IRQHandler
                0x08000cd8                TIM8_UP_TIM13_IRQHandler
                0x08000cd8                I2C3_ER_IRQHandler
                0x08000cd8                EXTI0_IRQHandler
                0x08000cd8                I2C2_EV_IRQHandler
                0x08000cd8                DMA1_Stream2_IRQHandler
                0x08000cd8                CAN1_RX0_IRQHandler
                0x08000cd8                FPU_IRQHandler
                0x08000cd8                OTG_HS_WKUP_IRQHandler
                0x08000cd8                CAN2_SCE_IRQHandler
                0x08000cd8                DMA2_Stream2_IRQHandler
                0x08000cd8                SPI1_IRQHandler
                0x08000cd8                TIM6_DAC_IRQHandler
                0x08000cd8                TIM1_BRK_TIM9_IRQHandler
                0x08000cd8                DCMI_IRQHandler
                0x08000cd8                CAN2_RX0_IRQHandler
                0x08000cd8                DMA2_Stream3_IRQHandler
                0x08000cd8                USART6_IRQHandler
                0x08000cd8                USART3_IRQHandler
                0x08000cd8                CAN1_RX1_IRQHandler
                0x08000cd8                UART5_IRQHandler
                0x08000cd8                DMA2_Stream0_IRQHandler
                0x08000cd8                TIM4_IRQHandler
                0x08000cd8                I2C1_EV_IRQHandler
                0x08000cd8                DMA1_Stream6_IRQHandler
                0x08000cd8                DMA1_Stream1_IRQHandler
                0x08000cd8                UART4_IRQHandler
                0x08000cd8                TIM3_IRQHandler
                0x08000cd8                RCC_IRQHandler
                0x08000cd8                TIM8_BRK_TIM12_IRQHandler
                0x08000cd8                Default_Handler
                0x08000cd8                EXTI15_10_IRQHandler
                0x08000cd8                ADC_IRQHandler
                0x08000cd8                DMA1_Stream7_IRQHandler
                0x08000cd8                TIM7_IRQHandler
                0x08000cd8                CAN2_TX_IRQHandler
                0x08000cd8                TIM5_IRQHandler
                0x08000cd8                DMA2_Stream7_IRQHandler
                0x08000cd8                I2C3_EV_IRQHandler
                0x08000cd8                EXTI9_5_IRQHandler
                0x08000cd8                RTC_WKUP_IRQHandler
                0x08000cd8                ETH_WKUP_IRQHandler
                0x08000cd8                SPI2_IRQHandler
                0x08000cd8                OTG_HS_EP1_IN_IRQHandler
                0x08000cd8                DMA1_Stream0_IRQHandler
                0x08000cd8                CAN1_TX_IRQHandler
                0x08000cd8                EXTI4_IRQHandler
                0x08000cd8                FSMC_IRQHandler
                0x08000cd8                ETH_IRQHandler
                0x08000cd8                OTG_HS_EP1_OUT_IRQHandler
                0x08000cd8                WWDG_IRQHandler
                0x08000cd8                TIM2_IRQHandler
                0x08000cd8                OTG_FS_WKUP_IRQHandler
                0x08000cd8                TIM1_TRG_COM_TIM11_IRQHandler
                0x08000cd8                OTG_HS_IRQHandler
                0x08000cd8                EXTI1_IRQHandler
                0x08000cd8                USART2_IRQHandler
                0x08000cd8                I2C2_ER_IRQHandler
                0x08000cd8                DMA2_Stream1_IRQHandler
                0x08000cd8                CAN1_SCE_IRQHandler
                0x08000cd8                FLASH_IRQHandler
                0x08000cd8                DMA2_Stream4_IRQHandler
                0x08000cd8                USART1_IRQHandler
                0x08000cd8                OTG_FS_IRQHandler
                0x08000cd8                SPI3_IRQHandler
                0x08000cd8                DMA1_Stream4_IRQHandler
                0x08000cd8                I2C1_ER_IRQHandler
                0x08000cd8                DMA2_Stream6_IRQHandler
                0x08000cd8                DMA1_Stream3_IRQHandler
 *fill*         0x08000cda        0x2 
 .text.HAL_Init
                0x08000cdc       0x44 ./Drivers/STM32F4xx_HAL_Driver/Src/stm32f4xx_hal.o
                0x08000cdc                HAL_Init
 .text.HAL_InitTick
                0x08000d20       0x60 ./Drivers/STM32F4xx_HAL_Driver/Src/stm32f4xx_hal.o
                0x08000d20                HAL_InitTick
 .text.HAL_IncTick
                0x08000d80       0x28 ./Drivers/STM32F4xx_HAL_Driver/Src/stm32f4xx_hal.o
                0x08000d80                HAL_IncTick
 .text.HAL_GetTick
                0x08000da8       0x18 ./Drivers/STM32F4xx_HAL_Driver/Src/stm32f4xx_hal.o
                0x08000da8                HAL_GetTick
 .text.__NVIC_SetPriorityGrouping
                0x08000dc0       0x48 ./Drivers/STM32F4xx_HAL_Driver/Src/stm32f4xx_hal_cortex.o
 .text.__NVIC_GetPriorityGrouping
                0x08000e08       0x1c ./Drivers/STM32F4xx_HAL_Driver/Src/stm32f4xx_hal_cortex.o
 .text.__NVIC_SetPriority
                0x08000e24       0x54 ./Drivers/STM32F4xx_HAL_Driver/Src/stm32f4xx_hal_cortex.o
 .text.NVIC_EncodePriority
                0x08000e78       0x66 ./Drivers/STM32F4xx_HAL_Driver/Src/stm32f4xx_hal_cortex.o
 *fill*         0x08000ede        0x2 
 .text.SysTick_Config
                0x08000ee0       0x44 ./Drivers/STM32F4xx_HAL_Driver/Src/stm32f4xx_hal_cortex.o
 .text.HAL_NVIC_SetPriorityGrouping
                0x08000f24       0x16 ./Drivers/STM32F4xx_HAL_Driver/Src/stm32f4xx_hal_cortex.o
                0x08000f24                HAL_NVIC_SetPriorityGrouping
 .text.HAL_NVIC_SetPriority
                0x08000f3a       0x38 ./Drivers/STM32F4xx_HAL_Driver/Src/stm32f4xx_hal_cortex.o
                0x08000f3a                HAL_NVIC_SetPriority
 .text.HAL_SYSTICK_Config
                0x08000f72       0x18 ./Drivers/STM32F4xx_HAL_Driver/Src/stm32f4xx_hal_cortex.o
                0x08000f72                HAL_SYSTICK_Config
 *fill*         0x08000f8a        0x2 
 .text.HAL_GPIO_Init
                0x08000f8c      0x338 ./Drivers/STM32F4xx_HAL_Driver/Src/stm32f4xx_hal_gpio.o
                0x08000f8c                HAL_GPIO_Init
 .text.HAL_GPIO_WritePin
                0x080012c4       0x32 ./Drivers/STM32F4xx_HAL_Driver/Src/stm32f4xx_hal_gpio.o
                0x080012c4                HAL_GPIO_WritePin
 *fill*         0x080012f6        0x2 
 .text.HAL_RCC_OscConfig
                0x080012f8      0x4f0 ./Drivers/STM32F4xx_HAL_Driver/Src/stm32f4xx_hal_rcc.o
                0x080012f8                HAL_RCC_OscConfig
 .text.HAL_RCC_ClockConfig
                0x080017e8      0x1cc ./Drivers/STM32F4xx_HAL_Driver/Src/stm32f4xx_hal_rcc.o
                0x080017e8                HAL_RCC_ClockConfig
 .text.HAL_RCC_GetSysClockFreq
                0x080019b4      0x20c ./Drivers/STM32F4xx_HAL_Driver/Src/stm32f4xx_hal_rcc.o
                0x080019b4                HAL_RCC_GetSysClockFreq
 .text.HAL_SPI_Init
                0x08001bc0      0x112 ./Drivers/STM32F4xx_HAL_Driver/Src/stm32f4xx_hal_spi.o
                0x08001bc0                HAL_SPI_Init
 .text.HAL_SPI_Transmit
                0x08001cd2      0x288 ./Drivers/STM32F4xx_HAL_Driver/Src/stm32f4xx_hal_spi.o
                0x08001cd2                HAL_SPI_Transmit
 .text.HAL_SPI_TransmitReceive
                0x08001f5a      0x352 ./Drivers/STM32F4xx_HAL_Driver/Src/stm32f4xx_hal_spi.o
                0x08001f5a                HAL_SPI_TransmitReceive
 .text.SPI_WaitFlagStateUntilTimeout
                0x080022ac      0x110 ./Drivers/STM32F4xx_HAL_Driver/Src/stm32f4xx_hal_spi.o
 .text.SPI_EndRxTxTransaction
                0x080023bc       0xa8 ./Drivers/STM32F4xx_HAL_Driver/Src/stm32f4xx_hal_spi.o
 .text.MX_FATFS_Init
                0x08002464       0x24 ./FATFS/App/fatfs.o
                0x08002464                MX_FATFS_Init
 .text.get_fattime
                0x08002488       0x10 ./FATFS/App/fatfs.o
                0x08002488                get_fattime
 .text.SPI_Timer_On
                0x08002498       0x28 ./FATFS/Target/SD_user_driver.o
                0x08002498                SPI_Timer_On
 .text.SPI_Timer_Status
                0x080024c0       0x2c ./FATFS/Target/SD_user_driver.o
                0x080024c0                SPI_Timer_Status
 .text.xchg_spi
                0x080024ec       0x2c ./FATFS/Target/SD_user_driver.o
 .text.rcvr_spi_multi
                0x08002518       0x38 ./FATFS/Target/SD_user_driver.o
 .text.xmit_spi_multi
                0x08002550       0x28 ./FATFS/Target/SD_user_driver.o
 .text.wait_ready
                0x08002578       0x46 ./FATFS/Target/SD_user_driver.o
 *fill*         0x080025be        0x2 
 .text.despiselect
                0x080025c0       0x20 ./FATFS/Target/SD_user_driver.o
 .text.spiselect
                0x080025e0       0x38 ./FATFS/Target/SD_user_driver.o
 .text.rcvr_datablock
                0x08002618       0x52 ./FATFS/Target/SD_user_driver.o
 .text.xmit_datablock
                0x0800266a       0x64 ./FATFS/Target/SD_user_driver.o
 .text.send_cmd
                0x080026ce       0xde ./FATFS/Target/SD_user_driver.o
 .text.USER_SPI_initialize
                0x080027ac      0x1d8 ./FATFS/Target/SD_user_driver.o
                0x080027ac                USER_SPI_initialize
 .text.USER_SPI_status
                0x08002984       0x2c ./FATFS/Target/SD_user_driver.o
                0x08002984                USER_SPI_status
 .text.USER_SPI_read
                0x080029b0       0xcc ./FATFS/Target/SD_user_driver.o
                0x080029b0                USER_SPI_read
 .text.USER_SPI_write
                0x08002a7c       0xf8 ./FATFS/Target/SD_user_driver.o
                0x08002a7c                USER_SPI_write
 .text.USER_SPI_ioctl
                0x08002b74      0x2e0 ./FATFS/Target/SD_user_driver.o
                0x08002b74                USER_SPI_ioctl
 .text.USER_initialize
                0x08002e54       0x1e ./FATFS/Target/user_diskio.o
                0x08002e54                USER_initialize
 .text.USER_status
                0x08002e72       0x1e ./FATFS/Target/user_diskio.o
                0x08002e72                USER_status
 .text.USER_read
                0x08002e90       0x28 ./FATFS/Target/user_diskio.o
                0x08002e90                USER_read
 .text.USER_write
                0x08002eb8       0x28 ./FATFS/Target/user_diskio.o
                0x08002eb8                USER_write
 .text.USER_ioctl
                0x08002ee0       0x28 ./FATFS/Target/user_diskio.o
                0x08002ee0                USER_ioctl
 .text.disk_status
                0x08002f08       0x34 ./Middlewares/Third_Party/FatFs/src/diskio.o
                0x08002f08                disk_status
 .text.disk_initialize
                0x08002f3c       0x50 ./Middlewares/Third_Party/FatFs/src/diskio.o
                0x08002f3c                disk_initialize
 .text.disk_read
                0x08002f8c       0x40 ./Middlewares/Third_Party/FatFs/src/diskio.o
                0x08002f8c                disk_read
 .text.disk_write
                0x08002fcc       0x40 ./Middlewares/Third_Party/FatFs/src/diskio.o
                0x08002fcc                disk_write
 .text.disk_ioctl
                0x0800300c       0x3c ./Middlewares/Third_Party/FatFs/src/diskio.o
                0x0800300c                disk_ioctl
 .text.ld_word  0x08003048       0x32 ./Middlewares/Third_Party/FatFs/src/ff.o
 .text.ld_dword
                0x0800307a       0x46 ./Middlewares/Third_Party/FatFs/src/ff.o
 .text.st_word  0x080030c0       0x36 ./Middlewares/Third_Party/FatFs/src/ff.o
 .text.st_dword
                0x080030f6       0x58 ./Middlewares/Third_Party/FatFs/src/ff.o
 .text.mem_cpy  0x0800314e       0x42 ./Middlewares/Third_Party/FatFs/src/ff.o
 .text.mem_set  0x08003190       0x36 ./Middlewares/Third_Party/FatFs/src/ff.o
 .text.mem_cmp  0x080031c6       0x4e ./Middlewares/Third_Party/FatFs/src/ff.o
 .text.chk_chr  0x08003214       0x36 ./Middlewares/Third_Party/FatFs/src/ff.o
 *fill*         0x0800324a        0x2 
 .text.chk_lock
                0x0800324c       0xb8 ./Middlewares/Third_Party/FatFs/src/ff.o
 .text.enq_lock
                0x08003304       0x44 ./Middlewares/Third_Party/FatFs/src/ff.o
 .text.inc_lock
                0x08003348      0x11c ./Middlewares/Third_Party/FatFs/src/ff.o
 .text.dec_lock
                0x08003464       0x78 ./Middlewares/Third_Party/FatFs/src/ff.o
 .text.clear_lock
                0x080034dc       0x48 ./Middlewares/Third_Party/FatFs/src/ff.o
 .text.sync_window
                0x08003524       0x88 ./Middlewares/Third_Party/FatFs/src/ff.o
 .text.move_window
                0x080035ac       0x5a ./Middlewares/Third_Party/FatFs/src/ff.o
 *fill*         0x08003606        0x2 
 .text.sync_fs  0x08003608       0xdc ./Middlewares/Third_Party/FatFs/src/ff.o
 .text.clust2sect
                0x080036e4       0x3e ./Middlewares/Third_Party/FatFs/src/ff.o
 .text.get_fat  0x08003722      0x14e ./Middlewares/Third_Party/FatFs/src/ff.o
 .text.put_fat  0x08003870      0x1d4 ./Middlewares/Third_Party/FatFs/src/ff.o
 .text.remove_chain
                0x08003a44       0xca ./Middlewares/Third_Party/FatFs/src/ff.o
 .text.create_chain
                0x08003b0e      0x130 ./Middlewares/Third_Party/FatFs/src/ff.o
 .text.clmt_clust
                0x08003c3e       0x68 ./Middlewares/Third_Party/FatFs/src/ff.o
 .text.dir_sdi  0x08003ca6       0xf6 ./Middlewares/Third_Party/FatFs/src/ff.o
 .text.dir_next
                0x08003d9c      0x18a ./Middlewares/Third_Party/FatFs/src/ff.o
 .text.dir_alloc
                0x08003f26       0x8e ./Middlewares/Third_Party/FatFs/src/ff.o
 .text.ld_clust
                0x08003fb4       0x3e ./Middlewares/Third_Party/FatFs/src/ff.o
 .text.st_clust
                0x08003ff2       0x40 ./Middlewares/Third_Party/FatFs/src/ff.o
 .text.dir_find
                0x08004032       0xaa ./Middlewares/Third_Party/FatFs/src/ff.o
 .text.dir_register
                0x080040dc       0x64 ./Middlewares/Third_Party/FatFs/src/ff.o
 .text.create_name
                0x08004140      0x128 ./Middlewares/Third_Party/FatFs/src/ff.o
 .text.follow_path
                0x08004268       0xe2 ./Middlewares/Third_Party/FatFs/src/ff.o
 .text.get_ldnumber
                0x0800434a       0x88 ./Middlewares/Third_Party/FatFs/src/ff.o
 *fill*         0x080043d2        0x2 
 .text.check_fs
                0x080043d4       0xac ./Middlewares/Third_Party/FatFs/src/ff.o
 .text.find_volume
                0x08004480      0x498 ./Middlewares/Third_Party/FatFs/src/ff.o
 .text.validate
                0x08004918       0x6a ./Middlewares/Third_Party/FatFs/src/ff.o
 *fill*         0x08004982        0x2 
 .text.f_mount  0x08004984       0x8c ./Middlewares/Third_Party/FatFs/src/ff.o
                0x08004984                f_mount
 .text.f_open   0x08004a10      0x374 ./Middlewares/Third_Party/FatFs/src/ff.o
                0x08004a10                f_open
 .text.f_read   0x08004d84      0x27e ./Middlewares/Third_Party/FatFs/src/ff.o
                0x08004d84                f_read
 .text.f_write  0x08005002      0x2ea ./Middlewares/Third_Party/FatFs/src/ff.o
                0x08005002                f_write
 .text.f_sync   0x080052ec       0xfc ./Middlewares/Third_Party/FatFs/src/ff.o
                0x080052ec                f_sync
 .text.f_close  0x080053e8       0x54 ./Middlewares/Third_Party/FatFs/src/ff.o
                0x080053e8                f_close
 .text.FATFS_LinkDriverEx
                0x0800543c       0x98 ./Middlewares/Third_Party/FatFs/src/ff_gen_drv.o
                0x0800543c                FATFS_LinkDriverEx
 .text.FATFS_LinkDriver
                0x080054d4       0x1e ./Middlewares/Third_Party/FatFs/src/ff_gen_drv.o
                0x080054d4                FATFS_LinkDriver
 *fill*         0x080054f2        0x2 
 .text.std      0x080054f4       0x6c C:/ST/STM32CubeIDE_1.19.0/STM32CubeIDE/plugins/com.st.stm32cube.ide.mcu.externaltools.gnu-tools-for-stm32.13.3.rel1.win32_1.0.0.202411081344/tools/bin/../lib/gcc/arm-none-eabi/13.3.1/../../../../arm-none-eabi/lib/thumb/v7e-m+fp/hard\libc_nano.a(libc_a-findfp.o)
 .text.stdio_exit_handler
                0x08005560       0x18 C:/ST/STM32CubeIDE_1.19.0/STM32CubeIDE/plugins/com.st.stm32cube.ide.mcu.externaltools.gnu-tools-for-stm32.13.3.rel1.win32_1.0.0.202411081344/tools/bin/../lib/gcc/arm-none-eabi/13.3.1/../../../../arm-none-eabi/lib/thumb/v7e-m+fp/hard\libc_nano.a(libc_a-findfp.o)
 .text.cleanup_stdio
                0x08005578       0x40 C:/ST/STM32CubeIDE_1.19.0/STM32CubeIDE/plugins/com.st.stm32cube.ide.mcu.externaltools.gnu-tools-for-stm32.13.3.rel1.win32_1.0.0.202411081344/tools/bin/../lib/gcc/arm-none-eabi/13.3.1/../../../../arm-none-eabi/lib/thumb/v7e-m+fp/hard\libc_nano.a(libc_a-findfp.o)
 .text.global_stdio_init.part.0
                0x080055b8       0x3c C:/ST/STM32CubeIDE_1.19.0/STM32CubeIDE/plugins/com.st.stm32cube.ide.mcu.externaltools.gnu-tools-for-stm32.13.3.rel1.win32_1.0.0.202411081344/tools/bin/../lib/gcc/arm-none-eabi/13.3.1/../../../../arm-none-eabi/lib/thumb/v7e-m+fp/hard\libc_nano.a(libc_a-findfp.o)
 .text.__sfp_lock_acquire
                0x080055f4        0xc C:/ST/STM32CubeIDE_1.19.0/STM32CubeIDE/plugins/com.st.stm32cube.ide.mcu.externaltools.gnu-tools-for-stm32.13.3.rel1.win32_1.0.0.202411081344/tools/bin/../lib/gcc/arm-none-eabi/13.3.1/../../../../arm-none-eabi/lib/thumb/v7e-m+fp/hard\libc_nano.a(libc_a-findfp.o)
                0x080055f4                __sfp_lock_acquire
 .text.__sfp_lock_release
                0x08005600        0xc C:/ST/STM32CubeIDE_1.19.0/STM32CubeIDE/plugins/com.st.stm32cube.ide.mcu.externaltools.gnu-tools-for-stm32.13.3.rel1.win32_1.0.0.202411081344/tools/bin/../lib/gcc/arm-none-eabi/13.3.1/../../../../arm-none-eabi/lib/thumb/v7e-m+fp/hard\libc_nano.a(libc_a-findfp.o)
                0x08005600                __sfp_lock_release
 .text.__sinit  0x0800560c       0x30 C:/ST/STM32CubeIDE_1.19.0/STM32CubeIDE/plugins/com.st.stm32cube.ide.mcu.externaltools.gnu-tools-for-stm32.13.3.rel1.win32_1.0.0.202411081344/tools/bin/../lib/gcc/arm-none-eabi/13.3.1/../../../../arm-none-eabi/lib/thumb/v7e-m+fp/hard\libc_nano.a(libc_a-findfp.o)
                0x0800560c                __sinit
 .text._fwalk_sglue
                0x0800563c       0x3c C:/ST/STM32CubeIDE_1.19.0/STM32CubeIDE/plugins/com.st.stm32cube.ide.mcu.externaltools.gnu-tools-for-stm32.13.3.rel1.win32_1.0.0.202411081344/tools/bin/../lib/gcc/arm-none-eabi/13.3.1/../../../../arm-none-eabi/lib/thumb/v7e-m+fp/hard\libc_nano.a(libc_a-fwalk.o)
                0x0800563c                _fwalk_sglue
 .text.printf   0x08005678       0x24 C:/ST/STM32CubeIDE_1.19.0/STM32CubeIDE/plugins/com.st.stm32cube.ide.mcu.externaltools.gnu-tools-for-stm32.13.3.rel1.win32_1.0.0.202411081344/tools/bin/../lib/gcc/arm-none-eabi/13.3.1/../../../../arm-none-eabi/lib/thumb/v7e-m+fp/hard\libc_nano.a(libc_a-printf.o)
                0x08005678                iprintf
                0x08005678                printf
 .text._puts_r  0x0800569c       0xaa C:/ST/STM32CubeIDE_1.19.0/STM32CubeIDE/plugins/com.st.stm32cube.ide.mcu.externaltools.gnu-tools-for-stm32.13.3.rel1.win32_1.0.0.202411081344/tools/bin/../lib/gcc/arm-none-eabi/13.3.1/../../../../arm-none-eabi/lib/thumb/v7e-m+fp/hard\libc_nano.a(libc_a-puts.o)
                0x0800569c                _puts_r
 *fill*         0x08005746        0x2 
 .text.puts     0x08005748       0x10 C:/ST/STM32CubeIDE_1.19.0/STM32CubeIDE/plugins/com.st.stm32cube.ide.mcu.externaltools.gnu-tools-for-stm32.13.3.rel1.win32_1.0.0.202411081344/tools/bin/../lib/gcc/arm-none-eabi/13.3.1/../../../../arm-none-eabi/lib/thumb/v7e-m+fp/hard\libc_nano.a(libc_a-puts.o)
                0x08005748                puts
 .text.__sread  0x08005758       0x22 C:/ST/STM32CubeIDE_1.19.0/STM32CubeIDE/plugins/com.st.stm32cube.ide.mcu.externaltools.gnu-tools-for-stm32.13.3.rel1.win32_1.0.0.202411081344/tools/bin/../lib/gcc/arm-none-eabi/13.3.1/../../../../arm-none-eabi/lib/thumb/v7e-m+fp/hard\libc_nano.a(libc_a-stdio.o)
                0x08005758                __sread
 .text.__swrite
                0x0800577a       0x38 C:/ST/STM32CubeIDE_1.19.0/STM32CubeIDE/plugins/com.st.stm32cube.ide.mcu.externaltools.gnu-tools-for-stm32.13.3.rel1.win32_1.0.0.202411081344/tools/bin/../lib/gcc/arm-none-eabi/13.3.1/../../../../arm-none-eabi/lib/thumb/v7e-m+fp/hard\libc_nano.a(libc_a-stdio.o)
                0x0800577a                __swrite
 .text.__sseek  0x080057b2       0x24 C:/ST/STM32CubeIDE_1.19.0/STM32CubeIDE/plugins/com.st.stm32cube.ide.mcu.externaltools.gnu-tools-for-stm32.13.3.rel1.win32_1.0.0.202411081344/tools/bin/../lib/gcc/arm-none-eabi/13.3.1/../../../../arm-none-eabi/lib/thumb/v7e-m+fp/hard\libc_nano.a(libc_a-stdio.o)
                0x080057b2                __sseek
 .text.__sclose
                0x080057d6        0x8 C:/ST/STM32CubeIDE_1.19.0/STM32CubeIDE/plugins/com.st.stm32cube.ide.mcu.externaltools.gnu-tools-for-stm32.13.3.rel1.win32_1.0.0.202411081344/tools/bin/../lib/gcc/arm-none-eabi/13.3.1/../../../../arm-none-eabi/lib/thumb/v7e-m+fp/hard\libc_nano.a(libc_a-stdio.o)
                0x080057d6                __sclose
 .text.__swbuf_r
                0x080057de       0x7c C:/ST/STM32CubeIDE_1.19.0/STM32CubeIDE/plugins/com.st.stm32cube.ide.mcu.externaltools.gnu-tools-for-stm32.13.3.rel1.win32_1.0.0.202411081344/tools/bin/../lib/gcc/arm-none-eabi/13.3.1/../../../../arm-none-eabi/lib/thumb/v7e-m+fp/hard\libc_nano.a(libc_a-wbuf.o)
                0x080057de                __swbuf_r
 *fill*         0x0800585a        0x2 
 .text.__swsetup_r
                0x0800585c       0xac C:/ST/STM32CubeIDE_1.19.0/STM32CubeIDE/plugins/com.st.stm32cube.ide.mcu.externaltools.gnu-tools-for-stm32.13.3.rel1.win32_1.0.0.202411081344/tools/bin/../lib/gcc/arm-none-eabi/13.3.1/../../../../arm-none-eabi/lib/thumb/v7e-m+fp/hard\libc_nano.a(libc_a-wsetup.o)
                0x0800585c                __swsetup_r
 .text.memset   0x08005908       0x10 C:/ST/STM32CubeIDE_1.19.0/STM32CubeIDE/plugins/com.st.stm32cube.ide.mcu.externaltools.gnu-tools-for-stm32.13.3.rel1.win32_1.0.0.202411081344/tools/bin/../lib/gcc/arm-none-eabi/13.3.1/../../../../arm-none-eabi/lib/thumb/v7e-m+fp/hard\libc_nano.a(libc_a-memset.o)
                0x08005908                memset
 .text._close_r
                0x08005918       0x20 C:/ST/STM32CubeIDE_1.19.0/STM32CubeIDE/plugins/com.st.stm32cube.ide.mcu.externaltools.gnu-tools-for-stm32.13.3.rel1.win32_1.0.0.202411081344/tools/bin/../lib/gcc/arm-none-eabi/13.3.1/../../../../arm-none-eabi/lib/thumb/v7e-m+fp/hard\libc_nano.a(libc_a-closer.o)
                0x08005918                _close_r
 .text._lseek_r
                0x08005938       0x24 C:/ST/STM32CubeIDE_1.19.0/STM32CubeIDE/plugins/com.st.stm32cube.ide.mcu.externaltools.gnu-tools-for-stm32.13.3.rel1.win32_1.0.0.202411081344/tools/bin/../lib/gcc/arm-none-eabi/13.3.1/../../../../arm-none-eabi/lib/thumb/v7e-m+fp/hard\libc_nano.a(libc_a-lseekr.o)
                0x08005938                _lseek_r
 .text._read_r  0x0800595c       0x24 C:/ST/STM32CubeIDE_1.19.0/STM32CubeIDE/plugins/com.st.stm32cube.ide.mcu.externaltools.gnu-tools-for-stm32.13.3.rel1.win32_1.0.0.202411081344/tools/bin/../lib/gcc/arm-none-eabi/13.3.1/../../../../arm-none-eabi/lib/thumb/v7e-m+fp/hard\libc_nano.a(libc_a-readr.o)
                0x0800595c                _read_r
 .text._write_r
                0x08005980       0x24 C:/ST/STM32CubeIDE_1.19.0/STM32CubeIDE/plugins/com.st.stm32cube.ide.mcu.externaltools.gnu-tools-for-stm32.13.3.rel1.win32_1.0.0.202411081344/tools/bin/../lib/gcc/arm-none-eabi/13.3.1/../../../../arm-none-eabi/lib/thumb/v7e-m+fp/hard\libc_nano.a(libc_a-writer.o)
                0x08005980                _write_r
 .text.__errno  0x080059a4        0xc C:/ST/STM32CubeIDE_1.19.0/STM32CubeIDE/plugins/com.st.stm32cube.ide.mcu.externaltools.gnu-tools-for-stm32.13.3.rel1.win32_1.0.0.202411081344/tools/bin/../lib/gcc/arm-none-eabi/13.3.1/../../../../arm-none-eabi/lib/thumb/v7e-m+fp/hard\libc_nano.a(libc_a-errno.o)
                0x080059a4                __errno
 .text.__libc_init_array
                0x080059b0       0x48 C:/ST/STM32CubeIDE_1.19.0/STM32CubeIDE/plugins/com.st.stm32cube.ide.mcu.externaltools.gnu-tools-for-stm32.13.3.rel1.win32_1.0.0.202411081344/tools/bin/../lib/gcc/arm-none-eabi/13.3.1/../../../../arm-none-eabi/lib/thumb/v7e-m+fp/hard\libc_nano.a(libc_a-init.o)
                0x080059b0                __libc_init_array
 .text.__retarget_lock_init_recursive
                0x080059f8        0x2 C:/ST/STM32CubeIDE_1.19.0/STM32CubeIDE/plugins/com.st.stm32cube.ide.mcu.externaltools.gnu-tools-for-stm32.13.3.rel1.win32_1.0.0.202411081344/tools/bin/../lib/gcc/arm-none-eabi/13.3.1/../../../../arm-none-eabi/lib/thumb/v7e-m+fp/hard\libc_nano.a(libc_a-lock.o)
                0x080059f8                __retarget_lock_init_recursive
 .text.__retarget_lock_acquire_recursive
                0x080059fa        0x2 C:/ST/STM32CubeIDE_1.19.0/STM32CubeIDE/plugins/com.st.stm32cube.ide.mcu.externaltools.gnu-tools-for-stm32.13.3.rel1.win32_1.0.0.202411081344/tools/bin/../lib/gcc/arm-none-eabi/13.3.1/../../../../arm-none-eabi/lib/thumb/v7e-m+fp/hard\libc_nano.a(libc_a-lock.o)
                0x080059fa                __retarget_lock_acquire_recursive
 .text.__retarget_lock_release_recursive
                0x080059fc        0x2 C:/ST/STM32CubeIDE_1.19.0/STM32CubeIDE/plugins/com.st.stm32cube.ide.mcu.externaltools.gnu-tools-for-stm32.13.3.rel1.win32_1.0.0.202411081344/tools/bin/../lib/gcc/arm-none-eabi/13.3.1/../../../../arm-none-eabi/lib/thumb/v7e-m+fp/hard\libc_nano.a(libc_a-lock.o)
                0x080059fc                __retarget_lock_release_recursive
 *fill*         0x080059fe        0x2 
 .text._free_r  0x08005a00       0x94 C:/ST/STM32CubeIDE_1.19.0/STM32CubeIDE/plugins/com.st.stm32cube.ide.mcu.externaltools.gnu-tools-for-stm32.13.3.rel1.win32_1.0.0.202411081344/tools/bin/../lib/gcc/arm-none-eabi/13.3.1/../../../../arm-none-eabi/lib/thumb/v7e-m+fp/hard\libc_nano.a(libc_a-freer.o)
                0x08005a00                _free_r
 .text.sbrk_aligned
                0x08005a94       0x44 C:/ST/STM32CubeIDE_1.19.0/STM32CubeIDE/plugins/com.st.stm32cube.ide.mcu.externaltools.gnu-tools-for-stm32.13.3.rel1.win32_1.0.0.202411081344/tools/bin/../lib/gcc/arm-none-eabi/13.3.1/../../../../arm-none-eabi/lib/thumb/v7e-m+fp/hard\libc_nano.a(libc_a-mallocr.o)
 .text._malloc_r
                0x08005ad8      0x100 C:/ST/STM32CubeIDE_1.19.0/STM32CubeIDE/plugins/com.st.stm32cube.ide.mcu.externaltools.gnu-tools-for-stm32.13.3.rel1.win32_1.0.0.202411081344/tools/bin/../lib/gcc/arm-none-eabi/13.3.1/../../../../arm-none-eabi/lib/thumb/v7e-m+fp/hard\libc_nano.a(libc_a-mallocr.o)
                0x08005ad8                _malloc_r
 .text.__malloc_lock
                0x08005bd8        0xc C:/ST/STM32CubeIDE_1.19.0/STM32CubeIDE/plugins/com.st.stm32cube.ide.mcu.externaltools.gnu-tools-for-stm32.13.3.rel1.win32_1.0.0.202411081344/tools/bin/../lib/gcc/arm-none-eabi/13.3.1/../../../../arm-none-eabi/lib/thumb/v7e-m+fp/hard\libc_nano.a(libc_a-mlock.o)
                0x08005bd8                __malloc_lock
 .text.__malloc_unlock
                0x08005be4        0xc C:/ST/STM32CubeIDE_1.19.0/STM32CubeIDE/plugins/com.st.stm32cube.ide.mcu.externaltools.gnu-tools-for-stm32.13.3.rel1.win32_1.0.0.202411081344/tools/bin/../lib/gcc/arm-none-eabi/13.3.1/../../../../arm-none-eabi/lib/thumb/v7e-m+fp/hard\libc_nano.a(libc_a-mlock.o)
                0x08005be4                __malloc_unlock
 .text.__sfputc_r
                0x08005bf0       0x2e C:/ST/STM32CubeIDE_1.19.0/STM32CubeIDE/plugins/com.st.stm32cube.ide.mcu.externaltools.gnu-tools-for-stm32.13.3.rel1.win32_1.0.0.202411081344/tools/bin/../lib/gcc/arm-none-eabi/13.3.1/../../../../arm-none-eabi/lib/thumb/v7e-m+fp/hard\libc_nano.a(libc_a-nano-vfprintf.o)
 .text.__sfputs_r
                0x08005c1e       0x24 C:/ST/STM32CubeIDE_1.19.0/STM32CubeIDE/plugins/com.st.stm32cube.ide.mcu.externaltools.gnu-tools-for-stm32.13.3.rel1.win32_1.0.0.202411081344/tools/bin/../lib/gcc/arm-none-eabi/13.3.1/../../../../arm-none-eabi/lib/thumb/v7e-m+fp/hard\libc_nano.a(libc_a-nano-vfprintf.o)
                0x08005c1e                __sfputs_r
 *fill*         0x08005c42        0x2 
 .text._vfprintf_r
                0x08005c44      0x230 C:/ST/STM32CubeIDE_1.19.0/STM32CubeIDE/plugins/com.st.stm32cube.ide.mcu.externaltools.gnu-tools-for-stm32.13.3.rel1.win32_1.0.0.202411081344/tools/bin/../lib/gcc/arm-none-eabi/13.3.1/../../../../arm-none-eabi/lib/thumb/v7e-m+fp/hard\libc_nano.a(libc_a-nano-vfprintf.o)
                0x08005c44                _vfprintf_r
                0x08005c44                _vfiprintf_r
 .text._printf_common
                0x08005e74       0xda C:/ST/STM32CubeIDE_1.19.0/STM32CubeIDE/plugins/com.st.stm32cube.ide.mcu.externaltools.gnu-tools-for-stm32.13.3.rel1.win32_1.0.0.202411081344/tools/bin/../lib/gcc/arm-none-eabi/13.3.1/../../../../arm-none-eabi/lib/thumb/v7e-m+fp/hard\libc_nano.a(libc_a-nano-vfprintf_i.o)
                0x08005e74                _printf_common
 *fill*         0x08005f4e        0x2 
 .text._printf_i
                0x08005f50      0x23c C:/ST/STM32CubeIDE_1.19.0/STM32CubeIDE/plugins/com.st.stm32cube.ide.mcu.externaltools.gnu-tools-for-stm32.13.3.rel1.win32_1.0.0.202411081344/tools/bin/../lib/gcc/arm-none-eabi/13.3.1/../../../../arm-none-eabi/lib/thumb/v7e-m+fp/hard\libc_nano.a(libc_a-nano-vfprintf_i.o)
                0x08005f50                _printf_i
 .text.__sflush_r
                0x0800618c      0x108 C:/ST/STM32CubeIDE_1.19.0/STM32CubeIDE/plugins/com.st.stm32cube.ide.mcu.externaltools.gnu-tools-for-stm32.13.3.rel1.win32_1.0.0.202411081344/tools/bin/../lib/gcc/arm-none-eabi/13.3.1/../../../../arm-none-eabi/lib/thumb/v7e-m+fp/hard\libc_nano.a(libc_a-fflush.o)
                0x0800618c                __sflush_r
 .text._fflush_r
                0x08006294       0x50 C:/ST/STM32CubeIDE_1.19.0/STM32CubeIDE/plugins/com.st.stm32cube.ide.mcu.externaltools.gnu-tools-for-stm32.13.3.rel1.win32_1.0.0.202411081344/tools/bin/../lib/gcc/arm-none-eabi/13.3.1/../../../../arm-none-eabi/lib/thumb/v7e-m+fp/hard\libc_nano.a(libc_a-fflush.o)
                0x08006294                _fflush_r
 .text.__swhatbuf_r
                0x080062e4       0x4c C:/ST/STM32CubeIDE_1.19.0/STM32CubeIDE/plugins/com.st.stm32cube.ide.mcu.externaltools.gnu-tools-for-stm32.13.3.rel1.win32_1.0.0.202411081344/tools/bin/../lib/gcc/arm-none-eabi/13.3.1/../../../../arm-none-eabi/lib/thumb/v7e-m+fp/hard\libc_nano.a(libc_a-makebuf.o)
                0x080062e4                __swhatbuf_r
 .text.__smakebuf_r
                0x08006330       0x78 C:/ST/STM32CubeIDE_1.19.0/STM32CubeIDE/plugins/com.st.stm32cube.ide.mcu.externaltools.gnu-tools-for-stm32.13.3.rel1.win32_1.0.0.202411081344/tools/bin/../lib/gcc/arm-none-eabi/13.3.1/../../../../arm-none-eabi/lib/thumb/v7e-m+fp/hard\libc_nano.a(libc_a-makebuf.o)
                0x08006330                __smakebuf_r
 .text._fstat_r
                0x080063a8       0x24 C:/ST/STM32CubeIDE_1.19.0/STM32CubeIDE/plugins/com.st.stm32cube.ide.mcu.externaltools.gnu-tools-for-stm32.13.3.rel1.win32_1.0.0.202411081344/tools/bin/../lib/gcc/arm-none-eabi/13.3.1/../../../../arm-none-eabi/lib/thumb/v7e-m+fp/hard\libc_nano.a(libc_a-fstatr.o)
                0x080063a8                _fstat_r
 .text._isatty_r
                0x080063cc       0x20 C:/ST/STM32CubeIDE_1.19.0/STM32CubeIDE/plugins/com.st.stm32cube.ide.mcu.externaltools.gnu-tools-for-stm32.13.3.rel1.win32_1.0.0.202411081344/tools/bin/../lib/gcc/arm-none-eabi/13.3.1/../../../../arm-none-eabi/lib/thumb/v7e-m+fp/hard\libc_nano.a(libc_a-isattyr.o)
                0x080063cc                _isatty_r
 .text._sbrk_r  0x080063ec       0x20 C:/ST/STM32CubeIDE_1.19.0/STM32CubeIDE/plugins/com.st.stm32cube.ide.mcu.externaltools.gnu-tools-for-stm32.13.3.rel1.win32_1.0.0.202411081344/tools/bin/../lib/gcc/arm-none-eabi/13.3.1/../../../../arm-none-eabi/lib/thumb/v7e-m+fp/hard\libc_nano.a(libc_a-sbrkr.o)
                0x080063ec                _sbrk_r
 *(.glue_7)
 .glue_7        0x0800640c        0x0 linker stubs
 *(.glue_7t)
 .glue_7t       0x0800640c        0x0 linker stubs
 *(.eh_frame)
 .eh_frame      0x0800640c        0x0 C:/ST/STM32CubeIDE_1.19.0/STM32CubeIDE/plugins/com.st.stm32cube.ide.mcu.externaltools.gnu-tools-for-stm32.13.3.rel1.win32_1.0.0.202411081344/tools/bin/../lib/gcc/arm-none-eabi/13.3.1/thumb/v7e-m+fp/hard/crtbegin.o
 *(.init)
 .init          0x0800640c        0x4 C:/ST/STM32CubeIDE_1.19.0/STM32CubeIDE/plugins/com.st.stm32cube.ide.mcu.externaltools.gnu-tools-for-stm32.13.3.rel1.win32_1.0.0.202411081344/tools/bin/../lib/gcc/arm-none-eabi/13.3.1/thumb/v7e-m+fp/hard/crti.o
                0x0800640c                _init
 .init          0x08006410        0x8 C:/ST/STM32CubeIDE_1.19.0/STM32CubeIDE/plugins/com.st.stm32cube.ide.mcu.externaltools.gnu-tools-for-stm32.13.3.rel1.win32_1.0.0.202411081344/tools/bin/../lib/gcc/arm-none-eabi/13.3.1/thumb/v7e-m+fp/hard/crtn.o
 *(.fini)
 .fini          0x08006418        0x4 C:/ST/STM32CubeIDE_1.19.0/STM32CubeIDE/plugins/com.st.stm32cube.ide.mcu.externaltools.gnu-tools-for-stm32.13.3.rel1.win32_1.0.0.202411081344/tools/bin/../lib/gcc/arm-none-eabi/13.3.1/thumb/v7e-m+fp/hard/crti.o
                0x08006418                _fini
 .fini          0x0800641c        0x8 C:/ST/STM32CubeIDE_1.19.0/STM32CubeIDE/plugins/com.st.stm32cube.ide.mcu.externaltools.gnu-tools-for-stm32.13.3.rel1.win32_1.0.0.202411081344/tools/bin/../lib/gcc/arm-none-eabi/13.3.1/thumb/v7e-m+fp/hard/crtn.o
                0x08006424                        . = ALIGN (0x4)
                0x08006424                        _etext = .

.vfp11_veneer   0x08006424        0x0
 .vfp11_veneer  0x08006424        0x0 linker stubs

.v4_bx          0x08006424        0x0
 .v4_bx         0x08006424        0x0 linker stubs

.iplt           0x08006424        0x0
 .iplt          0x08006424        0x0 C:/ST/STM32CubeIDE_1.19.0/STM32CubeIDE/plugins/com.st.stm32cube.ide.mcu.externaltools.gnu-tools-for-stm32.13.3.rel1.win32_1.0.0.202411081344/tools/bin/../lib/gcc/arm-none-eabi/13.3.1/thumb/v7e-m+fp/hard/crtbegin.o

.rodata         0x08006424      0x208
                0x08006424                        . = ALIGN (0x4)
 *(.rodata)
 .rodata        0x08006424      0x100 ./Core/Src/main.o
 .rodata        0x08006524       0x44 ./Middlewares/Third_Party/FatFs/src/ff.o
 *(.rodata*)
 .rodata.AHBPrescTable
                0x08006568       0x10 ./Core/Src/system_stm32f4xx.o
                0x08006568                AHBPrescTable
 .rodata.ExCvt  0x08006578       0x80 ./Middlewares/Third_Party/FatFs/src/ff.o
 .rodata._vfprintf_r.str1.1
                0x080065f8       0x33 C:/ST/STM32CubeIDE_1.19.0/STM32CubeIDE/plugins/com.st.stm32cube.ide.mcu.externaltools.gnu-tools-for-stm32.13.3.rel1.win32_1.0.0.202411081344/tools/bin/../lib/gcc/arm-none-eabi/13.3.1/../../../../arm-none-eabi/lib/thumb/v7e-m+fp/hard\libc_nano.a(libc_a-nano-vfprintf.o)
                                 0x11 (size before relaxing)
 .rodata._printf_i.str1.1
                0x0800662b       0x22 C:/ST/STM32CubeIDE_1.19.0/STM32CubeIDE/plugins/com.st.stm32cube.ide.mcu.externaltools.gnu-tools-for-stm32.13.3.rel1.win32_1.0.0.202411081344/tools/bin/../lib/gcc/arm-none-eabi/13.3.1/../../../../arm-none-eabi/lib/thumb/v7e-m+fp/hard\libc_nano.a(libc_a-nano-vfprintf_i.o)
                0x08006650                        . = ALIGN (0x4)
 *fill*         0x0800662b        0x1 

.ARM.extab      0x0800662c        0x0
                0x0800662c                        . = ALIGN (0x4)
 *(.ARM.extab* .gnu.linkonce.armextab.*)
                0x0800662c                        . = ALIGN (0x4)

.ARM            0x0800662c        0x8
                0x0800662c                        . = ALIGN (0x4)
                0x0800662c                        __exidx_start = .
 *(.ARM.exidx*)
 .ARM.exidx     0x0800662c        0x8 C:/ST/STM32CubeIDE_1.19.0/STM32CubeIDE/plugins/com.st.stm32cube.ide.mcu.externaltools.gnu-tools-for-stm32.13.3.rel1.win32_1.0.0.202411081344/tools/bin/../lib/gcc/arm-none-eabi/13.3.1/../../../../arm-none-eabi/lib/thumb/v7e-m+fp/hard\libc_nano.a(libc_a-strlen.o)
 .ARM.exidx     0x08006634        0x0 C:/ST/STM32CubeIDE_1.19.0/STM32CubeIDE/plugins/com.st.stm32cube.ide.mcu.externaltools.gnu-tools-for-stm32.13.3.rel1.win32_1.0.0.202411081344/tools/bin/../lib/gcc/arm-none-eabi/13.3.1/../../../../arm-none-eabi/lib/thumb/v7e-m+fp/hard\libc_nano.a(libc_a-memchr.o)
                                  0x8 (size before relaxing)
 .ARM.exidx     0x08006634        0x0 C:/ST/STM32CubeIDE_1.19.0/STM32CubeIDE/plugins/com.st.stm32cube.ide.mcu.externaltools.gnu-tools-for-stm32.13.3.rel1.win32_1.0.0.202411081344/tools/bin/../lib/gcc/arm-none-eabi/13.3.1/thumb/v7e-m+fp/hard\libgcc.a(_udivmoddi4.o)
                                  0x8 (size before relaxing)
                0x08006634                        __exidx_end = .
                0x08006634                        . = ALIGN (0x4)

.preinit_array  0x08006634        0x0
                0x08006634                        . = ALIGN (0x4)
                0x08006634                        PROVIDE (__preinit_array_start = .)
 *(.preinit_array*)
                0x08006634                        PROVIDE (__preinit_array_end = .)
                0x08006634                        . = ALIGN (0x4)

.init_array     0x08006634        0x4
                0x08006634                        . = ALIGN (0x4)
                0x08006634                        PROVIDE (__init_array_start = .)
 *(SORT_BY_NAME(.init_array.*))
 *(.init_array*)
 .init_array    0x08006634        0x4 C:/ST/STM32CubeIDE_1.19.0/STM32CubeIDE/plugins/com.st.stm32cube.ide.mcu.externaltools.gnu-tools-for-stm32.13.3.rel1.win32_1.0.0.202411081344/tools/bin/../lib/gcc/arm-none-eabi/13.3.1/thumb/v7e-m+fp/hard/crtbegin.o
                0x08006638                        PROVIDE (__init_array_end = .)
                0x08006638                        . = ALIGN (0x4)

.fini_array     0x08006638        0x4
                0x08006638                        . = ALIGN (0x4)
                [!provide]                        PROVIDE (__fini_array_start = .)
 *(SORT_BY_NAME(.fini_array.*))
 *(.fini_array*)
 .fini_array    0x08006638        0x4 C:/ST/STM32CubeIDE_1.19.0/STM32CubeIDE/plugins/com.st.stm32cube.ide.mcu.externaltools.gnu-tools-for-stm32.13.3.rel1.win32_1.0.0.202411081344/tools/bin/../lib/gcc/arm-none-eabi/13.3.1/thumb/v7e-m+fp/hard/crtbegin.o
                [!provide]                        PROVIDE (__fini_array_end = .)
                0x0800663c                        . = ALIGN (0x4)
                0x0800663c                        _sidata = LOADADDR (.data)

.rel.dyn        0x0800663c        0x0
 .rel.iplt      0x0800663c        0x0 C:/ST/STM32CubeIDE_1.19.0/STM32CubeIDE/plugins/com.st.stm32cube.ide.mcu.externaltools.gnu-tools-for-stm32.13.3.rel1.win32_1.0.0.202411081344/tools/bin/../lib/gcc/arm-none-eabi/13.3.1/thumb/v7e-m+fp/hard/crtbegin.o

.data           0x20000000       0x7c load address 0x0800663c
                0x20000000                        . = ALIGN (0x4)
                0x20000000                        _sdata = .
 *(.data)
 *(.data*)
 .data.SystemCoreClock
                0x20000000        0x4 ./Core/Src/system_stm32f4xx.o
                0x20000000                SystemCoreClock
 .data.uwTickPrio
                0x20000004        0x4 ./Drivers/STM32F4xx_HAL_Driver/Src/stm32f4xx_hal.o
                0x20000004                uwTickPrio
 .data.uwTickFreq
                0x20000008        0x1 ./Drivers/STM32F4xx_HAL_Driver/Src/stm32f4xx_hal.o
                0x20000008                uwTickFreq
 .data.Stat     0x20000009        0x1 ./FATFS/Target/SD_user_driver.o
 *fill*         0x2000000a        0x2 
 .data.USER_Driver
                0x2000000c       0x14 ./FATFS/Target/user_diskio.o
                0x2000000c                USER_Driver
 .data.__sglue  0x20000020        0xc C:/ST/STM32CubeIDE_1.19.0/STM32CubeIDE/plugins/com.st.stm32cube.ide.mcu.externaltools.gnu-tools-for-stm32.13.3.rel1.win32_1.0.0.202411081344/tools/bin/../lib/gcc/arm-none-eabi/13.3.1/../../../../arm-none-eabi/lib/thumb/v7e-m+fp/hard\libc_nano.a(libc_a-findfp.o)
                0x20000020                __sglue
 .data._impure_ptr
                0x2000002c        0x4 C:/ST/STM32CubeIDE_1.19.0/STM32CubeIDE/plugins/com.st.stm32cube.ide.mcu.externaltools.gnu-tools-for-stm32.13.3.rel1.win32_1.0.0.202411081344/tools/bin/../lib/gcc/arm-none-eabi/13.3.1/../../../../arm-none-eabi/lib/thumb/v7e-m+fp/hard\libc_nano.a(libc_a-impure.o)
                0x2000002c                _impure_ptr
 .data._impure_data
                0x20000030       0x4c C:/ST/STM32CubeIDE_1.19.0/STM32CubeIDE/plugins/com.st.stm32cube.ide.mcu.externaltools.gnu-tools-for-stm32.13.3.rel1.win32_1.0.0.202411081344/tools/bin/../lib/gcc/arm-none-eabi/13.3.1/../../../../arm-none-eabi/lib/thumb/v7e-m+fp/hard\libc_nano.a(libc_a-impure.o)
                0x20000030                _impure_data
 *(.RamFunc)
 *(.RamFunc*)
                0x2000007c                        . = ALIGN (0x4)
                0x2000007c                        _edata = .
                0x080066b8                        _siccmram = LOADADDR (.ccmram)

.igot.plt       0x2000007c        0x0 load address 0x080066b8
 .igot.plt      0x2000007c        0x0 C:/ST/STM32CubeIDE_1.19.0/STM32CubeIDE/plugins/com.st.stm32cube.ide.mcu.externaltools.gnu-tools-for-stm32.13.3.rel1.win32_1.0.0.202411081344/tools/bin/../lib/gcc/arm-none-eabi/13.3.1/thumb/v7e-m+fp/hard/crtbegin.o

.ccmram         0x10000000        0x0 load address 0x080066b8
                0x10000000                        . = ALIGN (0x4)
                0x10000000                        _sccmram = .
 *(.ccmram)
 *(.ccmram*)
                0x10000000                        . = ALIGN (0x4)
                0x10000000                        _eccmram = .
                0x10000000                        . = ALIGN (0x4)

.bss            0x2000007c      0x210
                0x2000007c                        _sbss = .
                0x2000007c                        __bss_start__ = _sbss
 *(.bss)
 .bss           0x2000007c       0x1c C:/ST/STM32CubeIDE_1.19.0/STM32CubeIDE/plugins/com.st.stm32cube.ide.mcu.externaltools.gnu-tools-for-stm32.13.3.rel1.win32_1.0.0.202411081344/tools/bin/../lib/gcc/arm-none-eabi/13.3.1/thumb/v7e-m+fp/hard/crtbegin.o
 *(.bss*)
 .bss.hspi2     0x20000098       0x58 ./Core/Src/main.o
                0x20000098                hspi2
 .bss.__sbrk_heap_end
                0x200000f0        0x4 ./Core/Src/sysmem.o
 .bss.uwTick    0x200000f4        0x4 ./Drivers/STM32F4xx_HAL_Driver/Src/stm32f4xx_hal.o
                0x200000f4                uwTick
 .bss.retUSER   0x200000f8        0x1 ./FATFS/App/fatfs.o
                0x200000f8                retUSER
 *fill*         0x200000f9        0x3 
 .bss.USERPath  0x200000fc        0x4 ./FATFS/App/fatfs.o
                0x200000fc                USERPath
 .bss.CardType  0x20000100        0x1 ./FATFS/Target/SD_user_driver.o
 *fill*         0x20000101        0x3 
 .bss.spiTimerTickStart
                0x20000104        0x4 ./FATFS/Target/SD_user_driver.o
                0x20000104                spiTimerTickStart
 .bss.spiTimerTickDelay
                0x20000108        0x4 ./FATFS/Target/SD_user_driver.o
                0x20000108                spiTimerTickDelay
 .bss.FatFs     0x2000010c        0x4 ./Middlewares/Third_Party/FatFs/src/ff.o
 .bss.Fsid      0x20000110        0x2 ./Middlewares/Third_Party/FatFs/src/ff.o
 *fill*         0x20000112        0x2 
 .bss.Files     0x20000114       0x20 ./Middlewares/Third_Party/FatFs/src/ff.o
 .bss.disk      0x20000134        0xc ./Middlewares/Third_Party/FatFs/src/ff_gen_drv.o
                0x20000134                disk
 .bss.__sf      0x20000140      0x138 C:/ST/STM32CubeIDE_1.19.0/STM32CubeIDE/plugins/com.st.stm32cube.ide.mcu.externaltools.gnu-tools-for-stm32.13.3.rel1.win32_1.0.0.202411081344/tools/bin/../lib/gcc/arm-none-eabi/13.3.1/../../../../arm-none-eabi/lib/thumb/v7e-m+fp/hard\libc_nano.a(libc_a-findfp.o)
                0x20000140                __sf
 .bss.__stdio_exit_handler
                0x20000278        0x4 C:/ST/STM32CubeIDE_1.19.0/STM32CubeIDE/plugins/com.st.stm32cube.ide.mcu.externaltools.gnu-tools-for-stm32.13.3.rel1.win32_1.0.0.202411081344/tools/bin/../lib/gcc/arm-none-eabi/13.3.1/../../../../arm-none-eabi/lib/thumb/v7e-m+fp/hard\libc_nano.a(libc_a-findfp.o)
                0x20000278                __stdio_exit_handler
 .bss.errno     0x2000027c        0x4 C:/ST/STM32CubeIDE_1.19.0/STM32CubeIDE/plugins/com.st.stm32cube.ide.mcu.externaltools.gnu-tools-for-stm32.13.3.rel1.win32_1.0.0.202411081344/tools/bin/../lib/gcc/arm-none-eabi/13.3.1/../../../../arm-none-eabi/lib/thumb/v7e-m+fp/hard\libc_nano.a(libc_a-reent.o)
                0x2000027c                errno
 .bss.__lock___malloc_recursive_mutex
                0x20000280        0x1 C:/ST/STM32CubeIDE_1.19.0/STM32CubeIDE/plugins/com.st.stm32cube.ide.mcu.externaltools.gnu-tools-for-stm32.13.3.rel1.win32_1.0.0.202411081344/tools/bin/../lib/gcc/arm-none-eabi/13.3.1/../../../../arm-none-eabi/lib/thumb/v7e-m+fp/hard\libc_nano.a(libc_a-lock.o)
                0x20000280                __lock___malloc_recursive_mutex
 .bss.__lock___sfp_recursive_mutex
                0x20000281        0x1 C:/ST/STM32CubeIDE_1.19.0/STM32CubeIDE/plugins/com.st.stm32cube.ide.mcu.externaltools.gnu-tools-for-stm32.13.3.rel1.win32_1.0.0.202411081344/tools/bin/../lib/gcc/arm-none-eabi/13.3.1/../../../../arm-none-eabi/lib/thumb/v7e-m+fp/hard\libc_nano.a(libc_a-lock.o)
                0x20000281                __lock___sfp_recursive_mutex
 *fill*         0x20000282        0x2 
 .bss.__malloc_sbrk_start
                0x20000284        0x4 C:/ST/STM32CubeIDE_1.19.0/STM32CubeIDE/plugins/com.st.stm32cube.ide.mcu.externaltools.gnu-tools-for-stm32.13.3.rel1.win32_1.0.0.202411081344/tools/bin/../lib/gcc/arm-none-eabi/13.3.1/../../../../arm-none-eabi/lib/thumb/v7e-m+fp/hard\libc_nano.a(libc_a-mallocr.o)
                0x20000284                __malloc_sbrk_start
 .bss.__malloc_free_list
                0x20000288        0x4 C:/ST/STM32CubeIDE_1.19.0/STM32CubeIDE/plugins/com.st.stm32cube.ide.mcu.externaltools.gnu-tools-for-stm32.13.3.rel1.win32_1.0.0.202411081344/tools/bin/../lib/gcc/arm-none-eabi/13.3.1/../../../../arm-none-eabi/lib/thumb/v7e-m+fp/hard\libc_nano.a(libc_a-mallocr.o)
                0x20000288                __malloc_free_list
 *(COMMON)
                0x2000028c                        . = ALIGN (0x4)
                0x2000028c                        _ebss = .
                0x2000028c                        __bss_end__ = _ebss

._user_heap_stack
                0x2000028c      0x604
                0x20000290                        . = ALIGN (0x8)
 *fill*         0x2000028c        0x4 
                [!provide]                        PROVIDE (end = .)
                0x20000290                        PROVIDE (_end = .)
                0x20000490                        . = (. + _Min_Heap_Size)
 *fill*         0x20000290      0x200 
                0x20000890                        . = (. + _Min_Stack_Size)
 *fill*         0x20000490      0x400 
                0x20000890                        . = ALIGN (0x8)

/DISCARD/
 libc.a(*)
 libm.a(*)
 libgcc.a(*)

.ARM.attributes
                0x00000000       0x30
 *(.ARM.attributes)
 .ARM.attributes
                0x00000000       0x22 C:/ST/STM32CubeIDE_1.19.0/STM32CubeIDE/plugins/com.st.stm32cube.ide.mcu.externaltools.gnu-tools-for-stm32.13.3.rel1.win32_1.0.0.202411081344/tools/bin/../lib/gcc/arm-none-eabi/13.3.1/thumb/v7e-m+fp/hard/crti.o
 .ARM.attributes
                0x00000022       0x34 C:/ST/STM32CubeIDE_1.19.0/STM32CubeIDE/plugins/com.st.stm32cube.ide.mcu.externaltools.gnu-tools-for-stm32.13.3.rel1.win32_1.0.0.202411081344/tools/bin/../lib/gcc/arm-none-eabi/13.3.1/thumb/v7e-m+fp/hard/crtbegin.o
 .ARM.attributes
                0x00000056       0x34 ./Core/Src/main.o
 .ARM.attributes
                0x0000008a       0x34 ./Core/Src/stm32f4xx_hal_msp.o
 .ARM.attributes
                0x000000be       0x34 ./Core/Src/stm32f4xx_it.o
 .ARM.attributes
                0x000000f2       0x34 ./Core/Src/syscalls.o
 .ARM.attributes
                0x00000126       0x34 ./Core/Src/sysmem.o
 .ARM.attributes
                0x0000015a       0x34 ./Core/Src/system_stm32f4xx.o
 .ARM.attributes
                0x0000018e       0x21 ./Core/Startup/startup_stm32f407vgtx.o
 .ARM.attributes
                0x000001af       0x34 ./Drivers/STM32F4xx_HAL_Driver/Src/stm32f4xx_hal.o
 .ARM.attributes
                0x000001e3       0x34 ./Drivers/STM32F4xx_HAL_Driver/Src/stm32f4xx_hal_cortex.o
 .ARM.attributes
                0x00000217       0x34 ./Drivers/STM32F4xx_HAL_Driver/Src/stm32f4xx_hal_gpio.o
 .ARM.attributes
                0x0000024b       0x34 ./Drivers/STM32F4xx_HAL_Driver/Src/stm32f4xx_hal_rcc.o
 .ARM.attributes
                0x0000027f       0x34 ./Drivers/STM32F4xx_HAL_Driver/Src/stm32f4xx_hal_spi.o
 .ARM.attributes
                0x000002b3       0x34 ./FATFS/App/fatfs.o
 .ARM.attributes
                0x000002e7       0x34 ./FATFS/Target/SD_user_driver.o
 .ARM.attributes
                0x0000031b       0x34 ./FATFS/Target/user_diskio.o
 .ARM.attributes
                0x0000034f       0x34 ./Middlewares/Third_Party/FatFs/src/diskio.o
 .ARM.attributes
                0x00000383       0x34 ./Middlewares/Third_Party/FatFs/src/ff.o
 .ARM.attributes
                0x000003b7       0x34 ./Middlewares/Third_Party/FatFs/src/ff_gen_drv.o
 .ARM.attributes
                0x000003eb       0x34 C:/ST/STM32CubeIDE_1.19.0/STM32CubeIDE/plugins/com.st.stm32cube.ide.mcu.externaltools.gnu-tools-for-stm32.13.3.rel1.win32_1.0.0.202411081344/tools/bin/../lib/gcc/arm-none-eabi/13.3.1/../../../../arm-none-eabi/lib/thumb/v7e-m+fp/hard\libc_nano.a(libc_a-findfp.o)
 .ARM.attributes
                0x0000041f       0x34 C:/ST/STM32CubeIDE_1.19.0/STM32CubeIDE/plugins/com.st.stm32cube.ide.mcu.externaltools.gnu-tools-for-stm32.13.3.rel1.win32_1.0.0.202411081344/tools/bin/../lib/gcc/arm-none-eabi/13.3.1/../../../../arm-none-eabi/lib/thumb/v7e-m+fp/hard\libc_nano.a(libc_a-fwalk.o)
 .ARM.attributes
                0x00000453       0x34 C:/ST/STM32CubeIDE_1.19.0/STM32CubeIDE/plugins/com.st.stm32cube.ide.mcu.externaltools.gnu-tools-for-stm32.13.3.rel1.win32_1.0.0.202411081344/tools/bin/../lib/gcc/arm-none-eabi/13.3.1/../../../../arm-none-eabi/lib/thumb/v7e-m+fp/hard\libc_nano.a(libc_a-printf.o)
 .ARM.attributes
                0x00000487       0x34 C:/ST/STM32CubeIDE_1.19.0/STM32CubeIDE/plugins/com.st.stm32cube.ide.mcu.externaltools.gnu-tools-for-stm32.13.3.rel1.win32_1.0.0.202411081344/tools/bin/../lib/gcc/arm-none-eabi/13.3.1/../../../../arm-none-eabi/lib/thumb/v7e-m+fp/hard\libc_nano.a(libc_a-puts.o)
 .ARM.attributes
                0x000004bb       0x34 C:/ST/STM32CubeIDE_1.19.0/STM32CubeIDE/plugins/com.st.stm32cube.ide.mcu.externaltools.gnu-tools-for-stm32.13.3.rel1.win32_1.0.0.202411081344/tools/bin/../lib/gcc/arm-none-eabi/13.3.1/../../../../arm-none-eabi/lib/thumb/v7e-m+fp/hard\libc_nano.a(libc_a-stdio.o)
 .ARM.attributes
                0x000004ef       0x34 C:/ST/STM32CubeIDE_1.19.0/STM32CubeIDE/plugins/com.st.stm32cube.ide.mcu.externaltools.gnu-tools-for-stm32.13.3.rel1.win32_1.0.0.202411081344/tools/bin/../lib/gcc/arm-none-eabi/13.3.1/../../../../arm-none-eabi/lib/thumb/v7e-m+fp/hard\libc_nano.a(libc_a-wbuf.o)
 .ARM.attributes
                0x00000523       0x34 C:/ST/STM32CubeIDE_1.19.0/STM32CubeIDE/plugins/com.st.stm32cube.ide.mcu.externaltools.gnu-tools-for-stm32.13.3.rel1.win32_1.0.0.202411081344/tools/bin/../lib/gcc/arm-none-eabi/13.3.1/../../../../arm-none-eabi/lib/thumb/v7e-m+fp/hard\libc_nano.a(libc_a-wsetup.o)
 .ARM.attributes
                0x00000557       0x34 C:/ST/STM32CubeIDE_1.19.0/STM32CubeIDE/plugins/com.st.stm32cube.ide.mcu.externaltools.gnu-tools-for-stm32.13.3.rel1.win32_1.0.0.202411081344/tools/bin/../lib/gcc/arm-none-eabi/13.3.1/../../../../arm-none-eabi/lib/thumb/v7e-m+fp/hard\libc_nano.a(libc_a-memset.o)
 .ARM.attributes
                0x0000058b       0x34 C:/ST/STM32CubeIDE_1.19.0/STM32CubeIDE/plugins/com.st.stm32cube.ide.mcu.externaltools.gnu-tools-for-stm32.13.3.rel1.win32_1.0.0.202411081344/tools/bin/../lib/gcc/arm-none-eabi/13.3.1/../../../../arm-none-eabi/lib/thumb/v7e-m+fp/hard\libc_nano.a(libc_a-closer.o)
 .ARM.attributes
                0x000005bf       0x34 C:/ST/STM32CubeIDE_1.19.0/STM32CubeIDE/plugins/com.st.stm32cube.ide.mcu.externaltools.gnu-tools-for-stm32.13.3.rel1.win32_1.0.0.202411081344/tools/bin/../lib/gcc/arm-none-eabi/13.3.1/../../../../arm-none-eabi/lib/thumb/v7e-m+fp/hard\libc_nano.a(libc_a-reent.o)
 .ARM.attributes
                0x000005f3       0x34 C:/ST/STM32CubeIDE_1.19.0/STM32CubeIDE/plugins/com.st.stm32cube.ide.mcu.externaltools.gnu-tools-for-stm32.13.3.rel1.win32_1.0.0.202411081344/tools/bin/../lib/gcc/arm-none-eabi/13.3.1/../../../../arm-none-eabi/lib/thumb/v7e-m+fp/hard\libc_nano.a(libc_a-impure.o)
 .ARM.attributes
                0x00000627       0x34 C:/ST/STM32CubeIDE_1.19.0/STM32CubeIDE/plugins/com.st.stm32cube.ide.mcu.externaltools.gnu-tools-for-stm32.13.3.rel1.win32_1.0.0.202411081344/tools/bin/../lib/gcc/arm-none-eabi/13.3.1/../../../../arm-none-eabi/lib/thumb/v7e-m+fp/hard\libc_nano.a(libc_a-lseekr.o)
 .ARM.attributes
                0x0000065b       0x34 C:/ST/STM32CubeIDE_1.19.0/STM32CubeIDE/plugins/com.st.stm32cube.ide.mcu.externaltools.gnu-tools-for-stm32.13.3.rel1.win32_1.0.0.202411081344/tools/bin/../lib/gcc/arm-none-eabi/13.3.1/../../../../arm-none-eabi/lib/thumb/v7e-m+fp/hard\libc_nano.a(libc_a-readr.o)
 .ARM.attributes
                0x0000068f       0x34 C:/ST/STM32CubeIDE_1.19.0/STM32CubeIDE/plugins/com.st.stm32cube.ide.mcu.externaltools.gnu-tools-for-stm32.13.3.rel1.win32_1.0.0.202411081344/tools/bin/../lib/gcc/arm-none-eabi/13.3.1/../../../../arm-none-eabi/lib/thumb/v7e-m+fp/hard\libc_nano.a(libc_a-writer.o)
 .ARM.attributes
                0x000006c3       0x34 C:/ST/STM32CubeIDE_1.19.0/STM32CubeIDE/plugins/com.st.stm32cube.ide.mcu.externaltools.gnu-tools-for-stm32.13.3.rel1.win32_1.0.0.202411081344/tools/bin/../lib/gcc/arm-none-eabi/13.3.1/../../../../arm-none-eabi/lib/thumb/v7e-m+fp/hard\libc_nano.a(libc_a-errno.o)
 .ARM.attributes
                0x000006f7       0x34 C:/ST/STM32CubeIDE_1.19.0/STM32CubeIDE/plugins/com.st.stm32cube.ide.mcu.externaltools.gnu-tools-for-stm32.13.3.rel1.win32_1.0.0.202411081344/tools/bin/../lib/gcc/arm-none-eabi/13.3.1/../../../../arm-none-eabi/lib/thumb/v7e-m+fp/hard\libc_nano.a(libc_a-init.o)
 .ARM.attributes
                0x0000072b       0x34 C:/ST/STM32CubeIDE_1.19.0/STM32CubeIDE/plugins/com.st.stm32cube.ide.mcu.externaltools.gnu-tools-for-stm32.13.3.rel1.win32_1.0.0.202411081344/tools/bin/../lib/gcc/arm-none-eabi/13.3.1/../../../../arm-none-eabi/lib/thumb/v7e-m+fp/hard\libc_nano.a(libc_a-lock.o)
 .ARM.attributes
                0x0000075f       0x17 C:/ST/STM32CubeIDE_1.19.0/STM32CubeIDE/plugins/com.st.stm32cube.ide.mcu.externaltools.gnu-tools-for-stm32.13.3.rel1.win32_1.0.0.202411081344/tools/bin/../lib/gcc/arm-none-eabi/13.3.1/../../../../arm-none-eabi/lib/thumb/v7e-m+fp/hard\libc_nano.a(libc_a-strlen.o)
 .ARM.attributes
                0x00000776       0x34 C:/ST/STM32CubeIDE_1.19.0/STM32CubeIDE/plugins/com.st.stm32cube.ide.mcu.externaltools.gnu-tools-for-stm32.13.3.rel1.win32_1.0.0.202411081344/tools/bin/../lib/gcc/arm-none-eabi/13.3.1/../../../../arm-none-eabi/lib/thumb/v7e-m+fp/hard\libc_nano.a(libc_a-freer.o)
 .ARM.attributes
                0x000007aa       0x34 C:/ST/STM32CubeIDE_1.19.0/STM32CubeIDE/plugins/com.st.stm32cube.ide.mcu.externaltools.gnu-tools-for-stm32.13.3.rel1.win32_1.0.0.202411081344/tools/bin/../lib/gcc/arm-none-eabi/13.3.1/../../../../arm-none-eabi/lib/thumb/v7e-m+fp/hard\libc_nano.a(libc_a-mallocr.o)
 .ARM.attributes
                0x000007de       0x34 C:/ST/STM32CubeIDE_1.19.0/STM32CubeIDE/plugins/com.st.stm32cube.ide.mcu.externaltools.gnu-tools-for-stm32.13.3.rel1.win32_1.0.0.202411081344/tools/bin/../lib/gcc/arm-none-eabi/13.3.1/../../../../arm-none-eabi/lib/thumb/v7e-m+fp/hard\libc_nano.a(libc_a-mlock.o)
 .ARM.attributes
                0x00000812       0x34 C:/ST/STM32CubeIDE_1.19.0/STM32CubeIDE/plugins/com.st.stm32cube.ide.mcu.externaltools.gnu-tools-for-stm32.13.3.rel1.win32_1.0.0.202411081344/tools/bin/../lib/gcc/arm-none-eabi/13.3.1/../../../../arm-none-eabi/lib/thumb/v7e-m+fp/hard\libc_nano.a(libc_a-nano-vfprintf.o)
 .ARM.attributes
                0x00000846       0x34 C:/ST/STM32CubeIDE_1.19.0/STM32CubeIDE/plugins/com.st.stm32cube.ide.mcu.externaltools.gnu-tools-for-stm32.13.3.rel1.win32_1.0.0.202411081344/tools/bin/../lib/gcc/arm-none-eabi/13.3.1/../../../../arm-none-eabi/lib/thumb/v7e-m+fp/hard\libc_nano.a(libc_a-nano-vfprintf_i.o)
 .ARM.attributes
                0x0000087a       0x34 C:/ST/STM32CubeIDE_1.19.0/STM32CubeIDE/plugins/com.st.stm32cube.ide.mcu.externaltools.gnu-tools-for-stm32.13.3.rel1.win32_1.0.0.202411081344/tools/bin/../lib/gcc/arm-none-eabi/13.3.1/../../../../arm-none-eabi/lib/thumb/v7e-m+fp/hard\libc_nano.a(libc_a-fflush.o)
 .ARM.attributes
                0x000008ae       0x34 C:/ST/STM32CubeIDE_1.19.0/STM32CubeIDE/plugins/com.st.stm32cube.ide.mcu.externaltools.gnu-tools-for-stm32.13.3.rel1.win32_1.0.0.202411081344/tools/bin/../lib/gcc/arm-none-eabi/13.3.1/../../../../arm-none-eabi/lib/thumb/v7e-m+fp/hard\libc_nano.a(libc_a-makebuf.o)
 .ARM.attributes
                0x000008e2       0x34 C:/ST/STM32CubeIDE_1.19.0/STM32CubeIDE/plugins/com.st.stm32cube.ide.mcu.externaltools.gnu-tools-for-stm32.13.3.rel1.win32_1.0.0.202411081344/tools/bin/../lib/gcc/arm-none-eabi/13.3.1/../../../../arm-none-eabi/lib/thumb/v7e-m+fp/hard\libc_nano.a(libc_a-fstatr.o)
 .ARM.attributes
                0x00000916       0x34 C:/ST/STM32CubeIDE_1.19.0/STM32CubeIDE/plugins/com.st.stm32cube.ide.mcu.externaltools.gnu-tools-for-stm32.13.3.rel1.win32_1.0.0.202411081344/tools/bin/../lib/gcc/arm-none-eabi/13.3.1/../../../../arm-none-eabi/lib/thumb/v7e-m+fp/hard\libc_nano.a(libc_a-isattyr.o)
 .ARM.attributes
                0x0000094a       0x34 C:/ST/STM32CubeIDE_1.19.0/STM32CubeIDE/plugins/com.st.stm32cube.ide.mcu.externaltools.gnu-tools-for-stm32.13.3.rel1.win32_1.0.0.202411081344/tools/bin/../lib/gcc/arm-none-eabi/13.3.1/../../../../arm-none-eabi/lib/thumb/v7e-m+fp/hard\libc_nano.a(libc_a-sbrkr.o)
 .ARM.attributes
                0x0000097e       0x1c C:/ST/STM32CubeIDE_1.19.0/STM32CubeIDE/plugins/com.st.stm32cube.ide.mcu.externaltools.gnu-tools-for-stm32.13.3.rel1.win32_1.0.0.202411081344/tools/bin/../lib/gcc/arm-none-eabi/13.3.1/../../../../arm-none-eabi/lib/thumb/v7e-m+fp/hard\libc_nano.a(libc_a-memchr.o)
 .ARM.attributes
                0x0000099a       0x22 C:/ST/STM32CubeIDE_1.19.0/STM32CubeIDE/plugins/com.st.stm32cube.ide.mcu.externaltools.gnu-tools-for-stm32.13.3.rel1.win32_1.0.0.202411081344/tools/bin/../lib/gcc/arm-none-eabi/13.3.1/thumb/v7e-m+fp/hard\libgcc.a(_aeabi_uldivmod.o)
 .ARM.attributes
                0x000009bc       0x34 C:/ST/STM32CubeIDE_1.19.0/STM32CubeIDE/plugins/com.st.stm32cube.ide.mcu.externaltools.gnu-tools-for-stm32.13.3.rel1.win32_1.0.0.202411081344/tools/bin/../lib/gcc/arm-none-eabi/13.3.1/thumb/v7e-m+fp/hard\libgcc.a(_udivmoddi4.o)
 .ARM.attributes
                0x000009f0       0x22 C:/ST/STM32CubeIDE_1.19.0/STM32CubeIDE/plugins/com.st.stm32cube.ide.mcu.externaltools.gnu-tools-for-stm32.13.3.rel1.win32_1.0.0.202411081344/tools/bin/../lib/gcc/arm-none-eabi/13.3.1/thumb/v7e-m+fp/hard\libgcc.a(_dvmd_tls.o)
 .ARM.attributes
                0x00000a12       0x22 C:/ST/STM32CubeIDE_1.19.0/STM32CubeIDE/plugins/com.st.stm32cube.ide.mcu.externaltools.gnu-tools-for-stm32.13.3.rel1.win32_1.0.0.202411081344/tools/bin/../lib/gcc/arm-none-eabi/13.3.1/thumb/v7e-m+fp/hard/crtn.o
OUTPUT(SDcard-interfacing-Testing-.elf elf32-littlearm)
LOAD linker stubs
LOAD C:/ST/STM32CubeIDE_1.19.0/STM32CubeIDE/plugins/com.st.stm32cube.ide.mcu.externaltools.gnu-tools-for-stm32.13.3.rel1.win32_1.0.0.202411081344/tools/bin/../lib/gcc/arm-none-eabi/13.3.1/../../../../arm-none-eabi/lib/thumb/v7e-m+fp/hard\libc.a
LOAD C:/ST/STM32CubeIDE_1.19.0/STM32CubeIDE/plugins/com.st.stm32cube.ide.mcu.externaltools.gnu-tools-for-stm32.13.3.rel1.win32_1.0.0.202411081344/tools/bin/../lib/gcc/arm-none-eabi/13.3.1/../../../../arm-none-eabi/lib/thumb/v7e-m+fp/hard\libm.a
LOAD C:/ST/STM32CubeIDE_1.19.0/STM32CubeIDE/plugins/com.st.stm32cube.ide.mcu.externaltools.gnu-tools-for-stm32.13.3.rel1.win32_1.0.0.202411081344/tools/bin/../lib/gcc/arm-none-eabi/13.3.1/thumb/v7e-m+fp/hard\libgcc.a

.debug_info     0x00000000     0xa43d
 .debug_info    0x00000000     0x134b ./Core/Src/main.o
 .debug_info    0x0000134b      0x92c ./Core/Src/stm32f4xx_hal_msp.o
 .debug_info    0x00001c77      0x112 ./Core/Src/stm32f4xx_it.o
 .debug_info    0x00001d89      0x6a3 ./Core/Src/syscalls.o
 .debug_info    0x0000242c      0x168 ./Core/Src/sysmem.o
 .debug_info    0x00002594      0x512 ./Core/Src/system_stm32f4xx.o
 .debug_info    0x00002aa6       0x30 ./Core/Startup/startup_stm32f407vgtx.o
 .debug_info    0x00002ad6      0x944 ./Drivers/STM32F4xx_HAL_Driver/Src/stm32f4xx_hal.o
 .debug_info    0x0000341a      0xd8c ./Drivers/STM32F4xx_HAL_Driver/Src/stm32f4xx_hal_cortex.o
 .debug_info    0x000041a6      0x6c3 ./Drivers/STM32F4xx_HAL_Driver/Src/stm32f4xx_hal_gpio.o
 .debug_info    0x00004869      0x8c3 ./Drivers/STM32F4xx_HAL_Driver/Src/stm32f4xx_hal_rcc.o
 .debug_info    0x0000512c     0x1525 ./Drivers/STM32F4xx_HAL_Driver/Src/stm32f4xx_hal_spi.o
 .debug_info    0x00006651      0x4d9 ./FATFS/App/fatfs.o
 .debug_info    0x00006b2a      0xc27 ./FATFS/Target/SD_user_driver.o
 .debug_info    0x00007751      0x3af ./FATFS/Target/user_diskio.o
 .debug_info    0x00007b00      0x3df ./Middlewares/Third_Party/FatFs/src/diskio.o
 .debug_info    0x00007edf     0x21df ./Middlewares/Third_Party/FatFs/src/ff.o
 .debug_info    0x0000a0be      0x37f ./Middlewares/Third_Party/FatFs/src/ff_gen_drv.o

.debug_abbrev   0x00000000     0x2102
 .debug_abbrev  0x00000000      0x371 ./Core/Src/main.o
 .debug_abbrev  0x00000371      0x1c3 ./Core/Src/stm32f4xx_hal_msp.o
 .debug_abbrev  0x00000534       0x73 ./Core/Src/stm32f4xx_it.o
 .debug_abbrev  0x000005a7      0x1b6 ./Core/Src/syscalls.o
 .debug_abbrev  0x0000075d       0xbc ./Core/Src/sysmem.o
 .debug_abbrev  0x00000819      0x11a ./Core/Src/system_stm32f4xx.o
 .debug_abbrev  0x00000933       0x24 ./Core/Startup/startup_stm32f407vgtx.o
 .debug_abbrev  0x00000957      0x214 ./Drivers/STM32F4xx_HAL_Driver/Src/stm32f4xx_hal.o
 .debug_abbrev  0x00000b6b      0x31d ./Drivers/STM32F4xx_HAL_Driver/Src/stm32f4xx_hal_cortex.o
 .debug_abbrev  0x00000e88      0x1d4 ./Drivers/STM32F4xx_HAL_Driver/Src/stm32f4xx_hal_gpio.o
 .debug_abbrev  0x0000105c      0x2b7 ./Drivers/STM32F4xx_HAL_Driver/Src/stm32f4xx_hal_rcc.o
 .debug_abbrev  0x00001313      0x27a ./Drivers/STM32F4xx_HAL_Driver/Src/stm32f4xx_hal_spi.o
 .debug_abbrev  0x0000158d      0x160 ./FATFS/App/fatfs.o
 .debug_abbrev  0x000016ed      0x31a ./FATFS/Target/SD_user_driver.o
 .debug_abbrev  0x00001a07      0x15a ./FATFS/Target/user_diskio.o
 .debug_abbrev  0x00001b61      0x181 ./Middlewares/Third_Party/FatFs/src/diskio.o
 .debug_abbrev  0x00001ce2      0x281 ./Middlewares/Third_Party/FatFs/src/ff.o
 .debug_abbrev  0x00001f63      0x19f ./Middlewares/Third_Party/FatFs/src/ff_gen_drv.o

.debug_aranges  0x00000000      0xa58
 .debug_aranges
                0x00000000       0x50 ./Core/Src/main.o
 .debug_aranges
                0x00000050       0x30 ./Core/Src/stm32f4xx_hal_msp.o
 .debug_aranges
                0x00000080       0x60 ./Core/Src/stm32f4xx_it.o
 .debug_aranges
                0x000000e0       0xa8 ./Core/Src/syscalls.o
 .debug_aranges
                0x00000188       0x20 ./Core/Src/sysmem.o
 .debug_aranges
                0x000001a8       0x28 ./Core/Src/system_stm32f4xx.o
 .debug_aranges
                0x000001d0       0x28 ./Core/Startup/startup_stm32f407vgtx.o
 .debug_aranges
                0x000001f8       0xf0 ./Drivers/STM32F4xx_HAL_Driver/Src/stm32f4xx_hal.o
 .debug_aranges
                0x000002e8      0x130 ./Drivers/STM32F4xx_HAL_Driver/Src/stm32f4xx_hal_cortex.o
 .debug_aranges
                0x00000418       0x58 ./Drivers/STM32F4xx_HAL_Driver/Src/stm32f4xx_hal_gpio.o
 .debug_aranges
                0x00000470       0x88 ./Drivers/STM32F4xx_HAL_Driver/Src/stm32f4xx_hal_rcc.o
 .debug_aranges
                0x000004f8      0x1d0 ./Drivers/STM32F4xx_HAL_Driver/Src/stm32f4xx_hal_spi.o
 .debug_aranges
                0x000006c8       0x28 ./FATFS/App/fatfs.o
 .debug_aranges
                0x000006f0       0x98 ./FATFS/Target/SD_user_driver.o
 .debug_aranges
                0x00000788       0x40 ./FATFS/Target/user_diskio.o
 .debug_aranges
                0x000007c8       0x48 ./Middlewares/Third_Party/FatFs/src/diskio.o
 .debug_aranges
                0x00000810      0x208 ./Middlewares/Third_Party/FatFs/src/ff.o
 .debug_aranges
                0x00000a18       0x40 ./Middlewares/Third_Party/FatFs/src/ff_gen_drv.o

.debug_rnglists
                0x00000000      0x7b4
 .debug_rnglists
                0x00000000       0x3a ./Core/Src/main.o
 .debug_rnglists
                0x0000003a       0x20 ./Core/Src/stm32f4xx_hal_msp.o
 .debug_rnglists
                0x0000005a       0x43 ./Core/Src/stm32f4xx_it.o
 .debug_rnglists
                0x0000009d       0x79 ./Core/Src/syscalls.o
 .debug_rnglists
                0x00000116       0x13 ./Core/Src/sysmem.o
 .debug_rnglists
                0x00000129       0x1a ./Core/Src/system_stm32f4xx.o
 .debug_rnglists
                0x00000143       0x19 ./Core/Startup/startup_stm32f407vgtx.o
 .debug_rnglists
                0x0000015c       0xaf ./Drivers/STM32F4xx_HAL_Driver/Src/stm32f4xx_hal.o
 .debug_rnglists
                0x0000020b       0xe0 ./Drivers/STM32F4xx_HAL_Driver/Src/stm32f4xx_hal_cortex.o
 .debug_rnglists
                0x000002eb       0x3f ./Drivers/STM32F4xx_HAL_Driver/Src/stm32f4xx_hal_gpio.o
 .debug_rnglists
                0x0000032a       0x66 ./Drivers/STM32F4xx_HAL_Driver/Src/stm32f4xx_hal_rcc.o
 .debug_rnglists
                0x00000390      0x16f ./Drivers/STM32F4xx_HAL_Driver/Src/stm32f4xx_hal_spi.o
 .debug_rnglists
                0x000004ff       0x19 ./FATFS/App/fatfs.o
 .debug_rnglists
                0x00000518       0x72 ./FATFS/Target/SD_user_driver.o
 .debug_rnglists
                0x0000058a       0x2b ./FATFS/Target/user_diskio.o
 .debug_rnglists
                0x000005b5       0x31 ./Middlewares/Third_Party/FatFs/src/diskio.o
 .debug_rnglists
                0x000005e6      0x1a2 ./Middlewares/Third_Party/FatFs/src/ff.o
 .debug_rnglists
                0x00000788       0x2c ./Middlewares/Third_Party/FatFs/src/ff_gen_drv.o

.debug_macro    0x00000000    0x2286c
 .debug_macro   0x00000000      0x34c ./Core/Src/main.o
 .debug_macro   0x0000034c      0xad8 ./Core/Src/main.o
 .debug_macro   0x00000e24      0x295 ./Core/Src/main.o
 .debug_macro   0x000010b9       0x2e ./Core/Src/main.o
 .debug_macro   0x000010e7       0x2f ./Core/Src/main.o
 .debug_macro   0x00001116       0x22 ./Core/Src/main.o
 .debug_macro   0x00001138       0x8e ./Core/Src/main.o
 .debug_macro   0x000011c6       0x51 ./Core/Src/main.o
 .debug_macro   0x00001217      0x103 ./Core/Src/main.o
 .debug_macro   0x0000131a       0x6a ./Core/Src/main.o
 .debug_macro   0x00001384      0x1df ./Core/Src/main.o
 .debug_macro   0x00001563       0x1c ./Core/Src/main.o
 .debug_macro   0x0000157f       0x22 ./Core/Src/main.o
 .debug_macro   0x000015a1       0xfb ./Core/Src/main.o
 .debug_macro   0x0000169c     0x1011 ./Core/Src/main.o
 .debug_macro   0x000026ad      0x11f ./Core/Src/main.o
 .debug_macro   0x000027cc    0x15ea5 ./Core/Src/main.o
 .debug_macro   0x00018671       0x6d ./Core/Src/main.o
 .debug_macro   0x000186de     0x3693 ./Core/Src/main.o
 .debug_macro   0x0001bd71      0x190 ./Core/Src/main.o
 .debug_macro   0x0001bf01       0x5c ./Core/Src/main.o
 .debug_macro   0x0001bf5d      0x980 ./Core/Src/main.o
 .debug_macro   0x0001c8dd      0x9e9 ./Core/Src/main.o
 .debug_macro   0x0001d2c6      0x115 ./Core/Src/main.o
 .debug_macro   0x0001d3db      0x13e ./Core/Src/main.o
 .debug_macro   0x0001d519       0xa5 ./Core/Src/main.o
 .debug_macro   0x0001d5be      0x174 ./Core/Src/main.o
 .debug_macro   0x0001d732      0x287 ./Core/Src/main.o
 .debug_macro   0x0001d9b9       0x5f ./Core/Src/main.o
 .debug_macro   0x0001da18      0x236 ./Core/Src/main.o
 .debug_macro   0x0001dc4e      0x12c ./Core/Src/main.o
 .debug_macro   0x0001dd7a      0x21e ./Core/Src/main.o
 .debug_macro   0x0001df98       0x2e ./Core/Src/main.o
 .debug_macro   0x0001dfc6      0x127 ./Core/Src/main.o
 .debug_macro   0x0001e0ed       0x7e ./Core/Src/main.o
 .debug_macro   0x0001e16b       0x89 ./Core/Src/main.o
 .debug_macro   0x0001e1f4      0x225 ./Core/Src/main.o
 .debug_macro   0x0001e419      0x12d ./Core/Src/main.o
 .debug_macro   0x0001e546       0x16 ./Core/Src/main.o
 .debug_macro   0x0001e55c       0xeb ./Core/Src/main.o
 .debug_macro   0x0001e647       0x2a ./Core/Src/main.o
 .debug_macro   0x0001e671       0x61 ./Core/Src/main.o
 .debug_macro   0x0001e6d2       0x43 ./Core/Src/main.o
 .debug_macro   0x0001e715       0x34 ./Core/Src/main.o
 .debug_macro   0x0001e749       0x16 ./Core/Src/main.o
 .debug_macro   0x0001e75f       0x3c ./Core/Src/main.o
 .debug_macro   0x0001e79b      0x370 ./Core/Src/main.o
 .debug_macro   0x0001eb0b       0x16 ./Core/Src/main.o
 .debug_macro   0x0001eb21       0x4a ./Core/Src/main.o
 .debug_macro   0x0001eb6b       0x34 ./Core/Src/main.o
 .debug_macro   0x0001eb9f       0x10 ./Core/Src/main.o
 .debug_macro   0x0001ebaf       0x58 ./Core/Src/main.o
 .debug_macro   0x0001ec07       0x8e ./Core/Src/main.o
 .debug_macro   0x0001ec95       0x1c ./Core/Src/main.o
 .debug_macro   0x0001ecb1      0x185 ./Core/Src/main.o
 .debug_macro   0x0001ee36       0x16 ./Core/Src/main.o
 .debug_macro   0x0001ee4c       0x29 ./Core/Src/main.o
 .debug_macro   0x0001ee75       0x12 ./Core/Src/main.o
 .debug_macro   0x0001ee87       0xe2 ./Core/Src/main.o
 .debug_macro   0x0001ef69       0x8e ./Core/Src/main.o
 .debug_macro   0x0001eff7       0x16 ./Core/Src/main.o
 .debug_macro   0x0001f00d       0x20 ./Core/Src/main.o
 .debug_macro   0x0001f02d       0x1c ./Core/Src/main.o
 .debug_macro   0x0001f049       0x10 ./Core/Src/main.o
 .debug_macro   0x0001f059       0x1c ./Core/Src/main.o
 .debug_macro   0x0001f075       0x16 ./Core/Src/main.o
 .debug_macro   0x0001f08b      0x146 ./Core/Src/main.o
 .debug_macro   0x0001f1d1      0x1c9 ./Core/Src/stm32f4xx_hal_msp.o
 .debug_macro   0x0001f39a      0x1d3 ./Core/Src/stm32f4xx_it.o
 .debug_macro   0x0001f56d      0x274 ./Core/Src/syscalls.o
 .debug_macro   0x0001f7e1       0x5b ./Core/Src/syscalls.o
 .debug_macro   0x0001f83c       0x94 ./Core/Src/syscalls.o
 .debug_macro   0x0001f8d0       0x57 ./Core/Src/syscalls.o
 .debug_macro   0x0001f927       0x10 ./Core/Src/syscalls.o
 .debug_macro   0x0001f937       0x10 ./Core/Src/syscalls.o
 .debug_macro   0x0001f947       0x10 ./Core/Src/syscalls.o
 .debug_macro   0x0001f957       0x10 ./Core/Src/syscalls.o
 .debug_macro   0x0001f967       0x1c ./Core/Src/syscalls.o
 .debug_macro   0x0001f983       0x52 ./Core/Src/syscalls.o
 .debug_macro   0x0001f9d5       0x22 ./Core/Src/syscalls.o
 .debug_macro   0x0001f9f7       0x10 ./Core/Src/syscalls.o
 .debug_macro   0x0001fa07       0x52 ./Core/Src/syscalls.o
 .debug_macro   0x0001fa59       0xcf ./Core/Src/syscalls.o
 .debug_macro   0x0001fb28       0x1c ./Core/Src/syscalls.o
 .debug_macro   0x0001fb44       0x3d ./Core/Src/syscalls.o
 .debug_macro   0x0001fb81       0x35 ./Core/Src/syscalls.o
 .debug_macro   0x0001fbb6      0x12c ./Core/Src/syscalls.o
 .debug_macro   0x0001fce2       0x10 ./Core/Src/syscalls.o
 .debug_macro   0x0001fcf2      0x242 ./Core/Src/syscalls.o
 .debug_macro   0x0001ff34       0x10 ./Core/Src/syscalls.o
 .debug_macro   0x0001ff44      0x18a ./Core/Src/syscalls.o
 .debug_macro   0x000200ce       0x16 ./Core/Src/syscalls.o
 .debug_macro   0x000200e4       0xce ./Core/Src/syscalls.o
 .debug_macro   0x000201b2      0x112 ./Core/Src/sysmem.o
 .debug_macro   0x000202c4      0x23c ./Core/Src/sysmem.o
 .debug_macro   0x00020500      0x1ba ./Core/Src/system_stm32f4xx.o
 .debug_macro   0x000206ba      0x21a ./Drivers/STM32F4xx_HAL_Driver/Src/stm32f4xx_hal.o
 .debug_macro   0x000208d4      0x1ba ./Drivers/STM32F4xx_HAL_Driver/Src/stm32f4xx_hal_cortex.o
 .debug_macro   0x00020a8e      0x1c0 ./Drivers/STM32F4xx_HAL_Driver/Src/stm32f4xx_hal_gpio.o
 .debug_macro   0x00020c4e      0x1de ./Drivers/STM32F4xx_HAL_Driver/Src/stm32f4xx_hal_rcc.o
 .debug_macro   0x00020e2c      0x1c9 ./Drivers/STM32F4xx_HAL_Driver/Src/stm32f4xx_hal_spi.o
 .debug_macro   0x00020ff5      0x2ee ./FATFS/App/fatfs.o
 .debug_macro   0x000212e3       0xe5 ./FATFS/App/fatfs.o
 .debug_macro   0x000213c8      0x395 ./FATFS/Target/SD_user_driver.o
 .debug_macro   0x0002175d       0x16 ./FATFS/Target/SD_user_driver.o
 .debug_macro   0x00021773       0x7c ./FATFS/Target/SD_user_driver.o
 .debug_macro   0x000217ef       0x1c ./FATFS/Target/SD_user_driver.o
 .debug_macro   0x0002180b      0x30b ./FATFS/Target/user_diskio.o
 .debug_macro   0x00021b16       0x10 ./FATFS/Target/user_diskio.o
 .debug_macro   0x00021b26       0x56 ./FATFS/Target/user_diskio.o
 .debug_macro   0x00021b7c      0x2db ./Middlewares/Third_Party/FatFs/src/diskio.o
 .debug_macro   0x00021e57      0x6e2 ./Middlewares/Third_Party/FatFs/src/ff.o
 .debug_macro   0x00022539       0x58 ./Middlewares/Third_Party/FatFs/src/ff.o
 .debug_macro   0x00022591      0x2db ./Middlewares/Third_Party/FatFs/src/ff_gen_drv.o

.debug_line     0x00000000     0xe8fe
 .debug_line    0x00000000      0xb00 ./Core/Src/main.o
 .debug_line    0x00000b00      0x762 ./Core/Src/stm32f4xx_hal_msp.o
 .debug_line    0x00001262      0x7c3 ./Core/Src/stm32f4xx_it.o
 .debug_line    0x00001a25      0x8ac ./Core/Src/syscalls.o
 .debug_line    0x000022d1      0x588 ./Core/Src/sysmem.o
 .debug_line    0x00002859      0x78a ./Core/Src/system_stm32f4xx.o
 .debug_line    0x00002fe3       0x7a ./Core/Startup/startup_stm32f407vgtx.o
 .debug_line    0x0000305d      0xa06 ./Drivers/STM32F4xx_HAL_Driver/Src/stm32f4xx_hal.o
 .debug_line    0x00003a63      0xcd6 ./Drivers/STM32F4xx_HAL_Driver/Src/stm32f4xx_hal_cortex.o
 .debug_line    0x00004739      0xb5e ./Drivers/STM32F4xx_HAL_Driver/Src/stm32f4xx_hal_gpio.o
 .debug_line    0x00005297      0xe15 ./Drivers/STM32F4xx_HAL_Driver/Src/stm32f4xx_hal_rcc.o
 .debug_line    0x000060ac     0x1ca1 ./Drivers/STM32F4xx_HAL_Driver/Src/stm32f4xx_hal_spi.o
 .debug_line    0x00007d4d      0x907 ./FATFS/App/fatfs.o
 .debug_line    0x00008654     0x1041 ./FATFS/Target/SD_user_driver.o
 .debug_line    0x00009695      0x97c ./FATFS/Target/user_diskio.o
 .debug_line    0x0000a011      0x975 ./Middlewares/Third_Party/FatFs/src/diskio.o
 .debug_line    0x0000a986     0x35e8 ./Middlewares/Third_Party/FatFs/src/ff.o
 .debug_line    0x0000df6e      0x990 ./Middlewares/Third_Party/FatFs/src/ff_gen_drv.o

.debug_str      0x00000000    0xc5ba8
 .debug_str     0x00000000    0xc5ba8 ./Core/Src/main.o
                              0xc0ebb (size before relaxing)
 .debug_str     0x000c5ba8    0xbcb10 ./Core/Src/stm32f4xx_hal_msp.o
 .debug_str     0x000c5ba8    0xbc57e ./Core/Src/stm32f4xx_it.o
 .debug_str     0x000c5ba8     0x99f6 ./Core/Src/syscalls.o
 .debug_str     0x000c5ba8     0x7794 ./Core/Src/sysmem.o
 .debug_str     0x000c5ba8    0xbc668 ./Core/Src/system_stm32f4xx.o
 .debug_str     0x000c5ba8       0x96 ./Core/Startup/startup_stm32f407vgtx.o
 .debug_str     0x000c5ba8    0xbd1ec ./Drivers/STM32F4xx_HAL_Driver/Src/stm32f4xx_hal.o
 .debug_str     0x000c5ba8    0xbcf68 ./Drivers/STM32F4xx_HAL_Driver/Src/stm32f4xx_hal_cortex.o
 .debug_str     0x000c5ba8    0xbc7e3 ./Drivers/STM32F4xx_HAL_Driver/Src/stm32f4xx_hal_gpio.o
 .debug_str     0x000c5ba8    0xbca9c ./Drivers/STM32F4xx_HAL_Driver/Src/stm32f4xx_hal_rcc.o
 .debug_str     0x000c5ba8    0xbcf26 ./Drivers/STM32F4xx_HAL_Driver/Src/stm32f4xx_hal_spi.o
 .debug_str     0x000c5ba8    0xbff31 ./FATFS/App/fatfs.o
 .debug_str     0x000c5ba8    0xc06f5 ./FATFS/Target/SD_user_driver.o
 .debug_str     0x000c5ba8    0xbfeff ./FATFS/Target/user_diskio.o
 .debug_str     0x000c5ba8    0xbfe40 ./Middlewares/Third_Party/FatFs/src/diskio.o
 .debug_str     0x000c5ba8    0xc10a3 ./Middlewares/Third_Party/FatFs/src/ff.o
 .debug_str     0x000c5ba8    0xbfe91 ./Middlewares/Third_Party/FatFs/src/ff_gen_drv.o

.comment        0x00000000       0x43
 .comment       0x00000000       0x43 ./Core/Src/main.o
                                 0x44 (size before relaxing)
 .comment       0x00000043       0x44 ./Core/Src/stm32f4xx_hal_msp.o
 .comment       0x00000043       0x44 ./Core/Src/stm32f4xx_it.o
 .comment       0x00000043       0x44 ./Core/Src/syscalls.o
 .comment       0x00000043       0x44 ./Core/Src/sysmem.o
 .comment       0x00000043       0x44 ./Core/Src/system_stm32f4xx.o
 .comment       0x00000043       0x44 ./Drivers/STM32F4xx_HAL_Driver/Src/stm32f4xx_hal.o
 .comment       0x00000043       0x44 ./Drivers/STM32F4xx_HAL_Driver/Src/stm32f4xx_hal_cortex.o
 .comment       0x00000043       0x44 ./Drivers/STM32F4xx_HAL_Driver/Src/stm32f4xx_hal_gpio.o
 .comment       0x00000043       0x44 ./Drivers/STM32F4xx_HAL_Driver/Src/stm32f4xx_hal_rcc.o
 .comment       0x00000043       0x44 ./Drivers/STM32F4xx_HAL_Driver/Src/stm32f4xx_hal_spi.o
 .comment       0x00000043       0x44 ./FATFS/App/fatfs.o
 .comment       0x00000043       0x44 ./FATFS/Target/SD_user_driver.o
 .comment       0x00000043       0x44 ./FATFS/Target/user_diskio.o
 .comment       0x00000043       0x44 ./Middlewares/Third_Party/FatFs/src/diskio.o
 .comment       0x00000043       0x44 ./Middlewares/Third_Party/FatFs/src/ff.o
 .comment       0x00000043       0x44 ./Middlewares/Third_Party/FatFs/src/ff_gen_drv.o

.debug_frame    0x00000000     0x305c
 .debug_frame   0x00000000       0xf8 ./Core/Src/main.o
 .debug_frame   0x000000f8       0x7c ./Core/Src/stm32f4xx_hal_msp.o
 .debug_frame   0x00000174      0x104 ./Core/Src/stm32f4xx_it.o
 .debug_frame   0x00000278      0x2ac ./Core/Src/syscalls.o
 .debug_frame   0x00000524       0x34 ./Core/Src/sysmem.o
 .debug_frame   0x00000558       0x58 ./Core/Src/system_stm32f4xx.o
 .debug_frame   0x000005b0      0x374 ./Drivers/STM32F4xx_HAL_Driver/Src/stm32f4xx_hal.o
 .debug_frame   0x00000924      0x508 ./Drivers/STM32F4xx_HAL_Driver/Src/stm32f4xx_hal_cortex.o
 .debug_frame   0x00000e2c      0x14c ./Drivers/STM32F4xx_HAL_Driver/Src/stm32f4xx_hal_gpio.o
 .debug_frame   0x00000f78      0x1f4 ./Drivers/STM32F4xx_HAL_Driver/Src/stm32f4xx_hal_rcc.o
 .debug_frame   0x0000116c      0x828 ./Drivers/STM32F4xx_HAL_Driver/Src/stm32f4xx_hal_spi.o
 .debug_frame   0x00001994       0x4c ./FATFS/App/fatfs.o
 .debug_frame   0x000019e0      0x248 ./FATFS/Target/SD_user_driver.o
 .debug_frame   0x00001c28       0xc4 ./FATFS/Target/user_diskio.o
 .debug_frame   0x00001cec       0xec ./Middlewares/Third_Party/FatFs/src/diskio.o
 .debug_frame   0x00001dd8      0x94c ./Middlewares/Third_Party/FatFs/src/ff.o
 .debug_frame   0x00002724       0xc8 ./Middlewares/Third_Party/FatFs/src/ff_gen_drv.o
 .debug_frame   0x000027ec      0x144 C:/ST/STM32CubeIDE_1.19.0/STM32CubeIDE/plugins/com.st.stm32cube.ide.mcu.externaltools.gnu-tools-for-stm32.13.3.rel1.win32_1.0.0.202411081344/tools/bin/../lib/gcc/arm-none-eabi/13.3.1/../../../../arm-none-eabi/lib/thumb/v7e-m+fp/hard\libc_nano.a(libc_a-findfp.o)
 .debug_frame   0x00002930       0x34 C:/ST/STM32CubeIDE_1.19.0/STM32CubeIDE/plugins/com.st.stm32cube.ide.mcu.externaltools.gnu-tools-for-stm32.13.3.rel1.win32_1.0.0.202411081344/tools/bin/../lib/gcc/arm-none-eabi/13.3.1/../../../../arm-none-eabi/lib/thumb/v7e-m+fp/hard\libc_nano.a(libc_a-fwalk.o)
 .debug_frame   0x00002964       0x6c C:/ST/STM32CubeIDE_1.19.0/STM32CubeIDE/plugins/com.st.stm32cube.ide.mcu.externaltools.gnu-tools-for-stm32.13.3.rel1.win32_1.0.0.202411081344/tools/bin/../lib/gcc/arm-none-eabi/13.3.1/../../../../arm-none-eabi/lib/thumb/v7e-m+fp/hard\libc_nano.a(libc_a-printf.o)
 .debug_frame   0x000029d0       0x3c C:/ST/STM32CubeIDE_1.19.0/STM32CubeIDE/plugins/com.st.stm32cube.ide.mcu.externaltools.gnu-tools-for-stm32.13.3.rel1.win32_1.0.0.202411081344/tools/bin/../lib/gcc/arm-none-eabi/13.3.1/../../../../arm-none-eabi/lib/thumb/v7e-m+fp/hard\libc_nano.a(libc_a-puts.o)
 .debug_frame   0x00002a0c       0x88 C:/ST/STM32CubeIDE_1.19.0/STM32CubeIDE/plugins/com.st.stm32cube.ide.mcu.externaltools.gnu-tools-for-stm32.13.3.rel1.win32_1.0.0.202411081344/tools/bin/../lib/gcc/arm-none-eabi/13.3.1/../../../../arm-none-eabi/lib/thumb/v7e-m+fp/hard\libc_nano.a(libc_a-stdio.o)
 .debug_frame   0x00002a94       0x40 C:/ST/STM32CubeIDE_1.19.0/STM32CubeIDE/plugins/com.st.stm32cube.ide.mcu.externaltools.gnu-tools-for-stm32.13.3.rel1.win32_1.0.0.202411081344/tools/bin/../lib/gcc/arm-none-eabi/13.3.1/../../../../arm-none-eabi/lib/thumb/v7e-m+fp/hard\libc_nano.a(libc_a-wbuf.o)
 .debug_frame   0x00002ad4       0x2c C:/ST/STM32CubeIDE_1.19.0/STM32CubeIDE/plugins/com.st.stm32cube.ide.mcu.externaltools.gnu-tools-for-stm32.13.3.rel1.win32_1.0.0.202411081344/tools/bin/../lib/gcc/arm-none-eabi/13.3.1/../../../../arm-none-eabi/lib/thumb/v7e-m+fp/hard\libc_nano.a(libc_a-wsetup.o)
 .debug_frame   0x00002b00       0x20 C:/ST/STM32CubeIDE_1.19.0/STM32CubeIDE/plugins/com.st.stm32cube.ide.mcu.externaltools.gnu-tools-for-stm32.13.3.rel1.win32_1.0.0.202411081344/tools/bin/../lib/gcc/arm-none-eabi/13.3.1/../../../../arm-none-eabi/lib/thumb/v7e-m+fp/hard\libc_nano.a(libc_a-memset.o)
 .debug_frame   0x00002b20       0x2c C:/ST/STM32CubeIDE_1.19.0/STM32CubeIDE/plugins/com.st.stm32cube.ide.mcu.externaltools.gnu-tools-for-stm32.13.3.rel1.win32_1.0.0.202411081344/tools/bin/../lib/gcc/arm-none-eabi/13.3.1/../../../../arm-none-eabi/lib/thumb/v7e-m+fp/hard\libc_nano.a(libc_a-closer.o)