../Drivers/CMSIS/Include/core_cm4.h:2064:26:ITM_SendChar	16	static,ignoring_inline_asm
../Core/Src/main.c:65:13:W5500_Select	8	static
../Core/Src/main.c:68:13:W5500_Unselect	8	static
../Core/Src/main.c:72:16:W5500_ReadByte	24	static
../Core/Src/main.c:82:13:W5500_WriteByte	16	static
../Core/Src/main.c:86:13:W5500_ReadBuff	32	static
../Core/Src/main.c:97:13:W5500_WriteBuff	16	static
../Core/Src/main.c:101:13:W5500_Reset	8	static
../Core/Src/main.c:108:5:__io_putchar	16	static
../Core/Src/main.c:117:5:main	272	static
../Core/Src/main.c:267:6:SystemClock_Config	88	static
../Core/Src/main.c:313:13:MX_SPI2_Init	8	static
../Core/Src/main.c:351:13:MX_GPIO_Init	40	static
../Core/Src/main.c:385:6:Error_Handler	4	static,ignoring_inline_asm
