../Drivers/CMSIS/Include/core_cm4.h:2064:26:ITM_SendChar	4
../Core/Src/main.c:65:13:W5500_Select	1
../Core/Src/main.c:68:13:W5500_Unselect	1
../Core/Src/main.c:72:16:W5500_ReadByte	1
../Core/Src/main.c:82:13:W5500_WriteByte	1
../Core/Src/main.c:86:13:W5500_ReadBuff	2
../Core/Src/main.c:97:13:W5500_WriteBuff	1
../Core/Src/main.c:101:13:W5500_Reset	1
../Core/Src/main.c:108:5:__io_putchar	1
../Core/Src/main.c:117:5:main	9
../Core/Src/main.c:267:6:SystemClock_Config	3
../Core/Src/main.c:313:13:MX_SPI2_Init	2
../Core/Src/main.c:351:13:MX_GPIO_Init	1
../Core/Src/main.c:385:6:Error_Handler	1
