../Drivers/CMSIS/Include/core_cm4.h:2064:26:ITM_SendChar	4
../Core/Src/main.c:60:6:Tx	1
../Core/Src/main.c:64:5:__io_putchar	1
../Core/Src/main.c:66:6:handshake_cmd	3
../Core/Src/main.c:96:6:fp_capture	3
../Core/Src/main.c:130:6:imgtocharbuff1	3
../Core/Src/main.c:159:6:imgtocharbuff2	3
../Core/Src/main.c:184:6:template_generation	3
../Core/Src/main.c:211:6:template_store	3
../Core/Src/main.c:240:6:search	4
../Core/Src/main.c:282:5:main	1
../Core/Src/main.c:438:6:SystemClock_Config	3
../Core/Src/main.c:484:13:MX_USART2_UART_Init	2
../Core/Src/main.c:517:13:MX_GPIO_Init	1
../Core/Src/main.c:553:6:Error_Handler	1
