../Ether/wizchip_conf.c:67:9:wizchip_cris_enter	4	static
../Ether/wizchip_conf.c:75:9:wizchip_cris_exit	4	static
../Ether/wizchip_conf.c:83:7:wizchip_cs_select	4	static
../Ether/wizchip_conf.c:91:7:wizchip_cs_deselect	4	static
../Ether/wizchip_conf.c:100:10:wizchip_bus_readdata	16	static
../Ether/wizchip_conf.c:111:7:wizchip_bus_writedata	16	static
../Ether/wizchip_conf.c:129:6:wizchip_bus_read_buf	40	static
../Ether/wizchip_conf.c:153:6:wizchip_bus_write_buf	32	static
../Ether/wizchip_conf.c:173:9:wizchip_spi_readbyte	4	static
../Ether/wizchip_conf.c:183:7:wizchip_spi_writebyte	16	static
../Ether/wizchip_conf.c:193:7:wizchip_spi_readburst	32	static
../Ether/wizchip_conf.c:210:7:wizchip_spi_writeburst	24	static
../Ether/wizchip_conf.c:225:6:wizchip_qspi_read	24	static
../Ether/wizchip_conf.c:232:6:wizchip_qspi_write	24	static
../Ether/wizchip_conf.c:290:6:reg_wizchip_cris_cbfunc	16	static
../Ether/wizchip_conf.c:300:6:reg_wizchip_cs_cbfunc	16	static
../Ether/wizchip_conf.c:312:6:reg_wizchip_bus_cbfunc	16	static
../Ether/wizchip_conf.c:337:6:reg_wizchip_busbuf_cbfunc	16	static
../Ether/wizchip_conf.c:394:6:reg_wizchip_spi_cbfunc	16	static
../Ether/wizchip_conf.c:408:6:reg_wizchip_spiburst_cbfunc	16	static
../Ether/wizchip_conf.c:420:6:reg_wizchip_qspi_cbfunc	16	static
../Ether/wizchip_conf.c:434:8:ctlwizchip	40	static
../Ether/wizchip_conf.c:579:8:ctlnetwork	16	static
../Ether/wizchip_conf.c:619:6:wizchip_sw_reset	32	static
../Ether/wizchip_conf.c:676:8:wizchip_init	24	static
../Ether/wizchip_conf.c:779:6:wizchip_clrinterrupt	24	static
../Ether/wizchip_conf.c:827:11:wizchip_getinterrupt	16	static
../Ether/wizchip_conf.c:863:6:wizchip_setinterruptmask	24	static
../Ether/wizchip_conf.c:891:11:wizchip_getinterruptmask	16	static
../Ether/wizchip_conf.c:925:8:wizphy_getphylink	16	static
../Ether/wizchip_conf.c:959:8:wizphy_getphypmode	16	static
../Ether/wizchip_conf.c:1064:6:wizphy_reset	16	static
../Ether/wizchip_conf.c:1073:6:wizphy_setphyconf	24	static
../Ether/wizchip_conf.c:1101:6:wizphy_getphyconf	24	static
../Ether/wizchip_conf.c:1136:6:wizphy_getphystat	24	static
../Ether/wizchip_conf.c:1142:8:wizphy_setphypmode	24	static
../Ether/wizchip_conf.c:1381:6:wizchip_setnetinfo	16	static
../Ether/wizchip_conf.c:1393:6:wizchip_getnetinfo	16	static
../Ether/wizchip_conf.c:1405:8:wizchip_setnetmode	24	static
../Ether/wizchip_conf.c:1422:14:wizchip_getnetmode	8	static
../Ether/wizchip_conf.c:1426:6:wizchip_settimeout	16	static
../Ether/wizchip_conf.c:1431:6:wizchip_gettimeout	24	static
